Archive member included to satisfy reference by file (symbol)

C:/ST/STM32CubeIDE_1.15.1/STM32CubeIDE/plugins/com.st.stm32cube.ide.mcu.externaltools.gnu-tools-for-stm32.12.3.rel1.win32_1.0.100.202403111256/tools/bin/../lib/gcc/arm-none-eabi/12.3.1/../../../../arm-none-eabi/lib/thumb/v6-m/nofp\libc_nano.a(libc_a-exit.o)
                              C:/ST/STM32CubeIDE_1.15.1/STM32CubeIDE/plugins/com.st.stm32cube.ide.mcu.externaltools.gnu-tools-for-stm32.12.3.rel1.win32_1.0.100.202403111256/tools/bin/../lib/gcc/arm-none-eabi/12.3.1/../../../../arm-none-eabi/lib/thumb/v6-m/nofp/crt0.o (exit)
C:/ST/STM32CubeIDE_1.15.1/STM32CubeIDE/plugins/com.st.stm32cube.ide.mcu.externaltools.gnu-tools-for-stm32.12.3.rel1.win32_1.0.100.202403111256/tools/bin/../lib/gcc/arm-none-eabi/12.3.1/../../../../arm-none-eabi/lib/thumb/v6-m/nofp\libc_nano.a(libc_a-findfp.o)
                              C:/ST/STM32CubeIDE_1.15.1/STM32CubeIDE/plugins/com.st.stm32cube.ide.mcu.externaltools.gnu-tools-for-stm32.12.3.rel1.win32_1.0.100.202403111256/tools/bin/../lib/gcc/arm-none-eabi/12.3.1/../../../../arm-none-eabi/lib/thumb/v6-m/nofp\libc_nano.a(libc_a-exit.o) (__stdio_exit_handler)
C:/ST/STM32CubeIDE_1.15.1/STM32CubeIDE/plugins/com.st.stm32cube.ide.mcu.externaltools.gnu-tools-for-stm32.12.3.rel1.win32_1.0.100.202403111256/tools/bin/../lib/gcc/arm-none-eabi/12.3.1/../../../../arm-none-eabi/lib/thumb/v6-m/nofp\libc_nano.a(libc_a-fwalk.o)
                              C:/ST/STM32CubeIDE_1.15.1/STM32CubeIDE/plugins/com.st.stm32cube.ide.mcu.externaltools.gnu-tools-for-stm32.12.3.rel1.win32_1.0.100.202403111256/tools/bin/../lib/gcc/arm-none-eabi/12.3.1/../../../../arm-none-eabi/lib/thumb/v6-m/nofp\libc_nano.a(libc_a-findfp.o) (_fwalk_sglue)
C:/ST/STM32CubeIDE_1.15.1/STM32CubeIDE/plugins/com.st.stm32cube.ide.mcu.externaltools.gnu-tools-for-stm32.12.3.rel1.win32_1.0.100.202403111256/tools/bin/../lib/gcc/arm-none-eabi/12.3.1/../../../../arm-none-eabi/lib/thumb/v6-m/nofp\libc_nano.a(libc_a-stdio.o)
                              C:/ST/STM32CubeIDE_1.15.1/STM32CubeIDE/plugins/com.st.stm32cube.ide.mcu.externaltools.gnu-tools-for-stm32.12.3.rel1.win32_1.0.100.202403111256/tools/bin/../lib/gcc/arm-none-eabi/12.3.1/../../../../arm-none-eabi/lib/thumb/v6-m/nofp\libc_nano.a(libc_a-findfp.o) (__sread)
C:/ST/STM32CubeIDE_1.15.1/STM32CubeIDE/plugins/com.st.stm32cube.ide.mcu.externaltools.gnu-tools-for-stm32.12.3.rel1.win32_1.0.100.202403111256/tools/bin/../lib/gcc/arm-none-eabi/12.3.1/../../../../arm-none-eabi/lib/thumb/v6-m/nofp\libc_nano.a(libc_a-memset.o)
                              C:/ST/STM32CubeIDE_1.15.1/STM32CubeIDE/plugins/com.st.stm32cube.ide.mcu.externaltools.gnu-tools-for-stm32.12.3.rel1.win32_1.0.100.202403111256/tools/bin/../lib/gcc/arm-none-eabi/12.3.1/../../../../arm-none-eabi/lib/thumb/v6-m/nofp/crt0.o (memset)
C:/ST/STM32CubeIDE_1.15.1/STM32CubeIDE/plugins/com.st.stm32cube.ide.mcu.externaltools.gnu-tools-for-stm32.12.3.rel1.win32_1.0.100.202403111256/tools/bin/../lib/gcc/arm-none-eabi/12.3.1/../../../../arm-none-eabi/lib/thumb/v6-m/nofp\libc_nano.a(libc_a-closer.o)
                              C:/ST/STM32CubeIDE_1.15.1/STM32CubeIDE/plugins/com.st.stm32cube.ide.mcu.externaltools.gnu-tools-for-stm32.12.3.rel1.win32_1.0.100.202403111256/tools/bin/../lib/gcc/arm-none-eabi/12.3.1/../../../../arm-none-eabi/lib/thumb/v6-m/nofp\libc_nano.a(libc_a-stdio.o) (_close_r)
C:/ST/STM32CubeIDE_1.15.1/STM32CubeIDE/plugins/com.st.stm32cube.ide.mcu.externaltools.gnu-tools-for-stm32.12.3.rel1.win32_1.0.100.202403111256/tools/bin/../lib/gcc/arm-none-eabi/12.3.1/../../../../arm-none-eabi/lib/thumb/v6-m/nofp\libc_nano.a(libc_a-reent.o)
                              C:/ST/STM32CubeIDE_1.15.1/STM32CubeIDE/plugins/com.st.stm32cube.ide.mcu.externaltools.gnu-tools-for-stm32.12.3.rel1.win32_1.0.100.202403111256/tools/bin/../lib/gcc/arm-none-eabi/12.3.1/../../../../arm-none-eabi/lib/thumb/v6-m/nofp\libc_nano.a(libc_a-closer.o) (errno)
C:/ST/STM32CubeIDE_1.15.1/STM32CubeIDE/plugins/com.st.stm32cube.ide.mcu.externaltools.gnu-tools-for-stm32.12.3.rel1.win32_1.0.100.202403111256/tools/bin/../lib/gcc/arm-none-eabi/12.3.1/../../../../arm-none-eabi/lib/thumb/v6-m/nofp\libc_nano.a(libc_a-impure.o)
                              C:/ST/STM32CubeIDE_1.15.1/STM32CubeIDE/plugins/com.st.stm32cube.ide.mcu.externaltools.gnu-tools-for-stm32.12.3.rel1.win32_1.0.100.202403111256/tools/bin/../lib/gcc/arm-none-eabi/12.3.1/../../../../arm-none-eabi/lib/thumb/v6-m/nofp\libc_nano.a(libc_a-reent.o) (_impure_ptr)
C:/ST/STM32CubeIDE_1.15.1/STM32CubeIDE/plugins/com.st.stm32cube.ide.mcu.externaltools.gnu-tools-for-stm32.12.3.rel1.win32_1.0.100.202403111256/tools/bin/../lib/gcc/arm-none-eabi/12.3.1/../../../../arm-none-eabi/lib/thumb/v6-m/nofp\libc_nano.a(libc_a-lseekr.o)
[...]
Memory Configuration

Name             Origin             Length             Attributes
RAM              0x20000000         0x00002000         xrw
FLASH            0x08000000         0x00008000         xr
*default*        0x00000000         0xffffffff

Linker script and memory map

LOAD C:/ST/STM32CubeIDE_1.15.1/STM32CubeIDE/plugins/com.st.stm32cube.ide.mcu.externaltools.gnu-tools-for-stm32.12.3.rel1.win32_1.0.100.202403111256/tools/bin/../lib/gcc/arm-none-eabi/12.3.1/thumb/v6-m/nofp/crti.o
LOAD C:/ST/STM32CubeIDE_1.15.1/STM32CubeIDE/plugins/com.st.stm32cube.ide.mcu.externaltools.gnu-tools-for-stm32.12.3.rel1.win32_1.0.100.202403111256/tools/bin/../lib/gcc/arm-none-eabi/12.3.1/thumb/v6-m/nofp/crtbegin.o
LOAD C:/ST/STM32CubeIDE_1.15.1/STM32CubeIDE/plugins/com.st.stm32cube.ide.mcu.externaltools.gnu-tools-for-stm32.12.3.rel1.win32_1.0.100.202403111256/tools/bin/../lib/gcc/arm-none-eabi/12.3.1/../../../../arm-none-eabi/lib/thumb/v6-m/nofp/crt0.o
LOAD ./Core/Src/CO2_probe.o
LOAD ./Core/Src/Display_EPD_W21.o
LOAD ./Core/Src/Display_EPD_W21_spi.o
LOAD ./Core/Src/main.o
LOAD ./Core/Src/stm32l0xx_hal_msp.o
LOAD ./Core/Src/stm32l0xx_it.o
LOAD ./Core/Src/syscalls.o
LOAD ./Core/Src/sysmem.o
LOAD ./Core/Src/system_stm32l0xx.o
LOAD ./Core/Src/Fonts/FontCO2.o
LOAD ./Core/Src/Fonts/FontINFO.o
LOAD ./Core/Src/Fonts/FontTIME.o
LOAD ./Core/Startup/startup_stm32l031f6px.o
LOAD ./Drivers/STM32L0xx_HAL_Driver/Src/stm32l0xx_hal.o
LOAD ./Drivers/STM32L0xx_HAL_Driver/Src/stm32l0xx_hal_cortex.o
LOAD ./Drivers/STM32L0xx_HAL_Driver/Src/stm32l0xx_hal_dma.o
LOAD ./Drivers/STM32L0xx_HAL_Driver/Src/stm32l0xx_hal_exti.o
LOAD ./Drivers/STM32L0xx_HAL_Driver/Src/stm32l0xx_hal_flash.o
LOAD ./Drivers/STM32L0xx_HAL_Driver/Src/stm32l0xx_hal_flash_ex.o
LOAD ./Drivers/STM32L0xx_HAL_Driver/Src/stm32l0xx_hal_flash_ramfunc.o
LOAD ./Drivers/STM32L0xx_HAL_Driver/Src/stm32l0xx_hal_gpio.o
LOAD ./Drivers/STM32L0xx_HAL_Driver/Src/stm32l0xx_hal_i2c.o
LOAD ./Drivers/STM32L0xx_HAL_Driver/Src/stm32l0xx_hal_i2c_ex.o
LOAD ./Drivers/STM32L0xx_HAL_Driver/Src/stm32l0xx_hal_pwr.o
LOAD ./Drivers/STM32L0xx_HAL_Driver/Src/stm32l0xx_hal_pwr_ex.o
LOAD ./Drivers/STM32L0xx_HAL_Driver/Src/stm32l0xx_hal_rcc.o
LOAD ./Drivers/STM32L0xx_HAL_Driver/Src/stm32l0xx_hal_rcc_ex.o
LOAD ./Drivers/STM32L0xx_HAL_Driver/Src/stm32l0xx_hal_rtc.o
LOAD ./Drivers/STM32L0xx_HAL_Driver/Src/stm32l0xx_hal_rtc_ex.o
LOAD ./Drivers/STM32L0xx_HAL_Driver/Src/stm32l0xx_hal_spi.o
LOAD ./Drivers/STM32L0xx_HAL_Driver/Src/stm32l0xx_hal_tim.o
LOAD ./Drivers/STM32L0xx_HAL_Driver/Src/stm32l0xx_hal_tim_ex.o
START GROUP
LOAD C:/ST/STM32CubeIDE_1.15.1/STM32CubeIDE/plugins/com.st.stm32cube.ide.mcu.externaltools.gnu-tools-for-stm32.12.3.rel1.win32_1.0.100.202403111256/tools/bin/../lib/gcc/arm-none-eabi/12.3.1/../../../../arm-none-eabi/lib/thumb/v6-m/nofp\libc_nano.a
LOAD C:/ST/STM32CubeIDE_1.15.1/STM32CubeIDE/plugins/com.st.stm32cube.ide.mcu.externaltools.gnu-tools-for-stm32.12.3.rel1.win32_1.0.100.202403111256/tools/bin/../lib/gcc/arm-none-eabi/12.3.1/../../../../arm-none-eabi/lib/thumb/v6-m/nofp\libm.a
END GROUP
START GROUP
LOAD C:/ST/STM32CubeIDE_1.15.1/STM32CubeIDE/plugins/com.st.stm32cube.ide.mcu.externaltools.gnu-tools-for-stm32.12.3.rel1.win32_1.0.100.202403111256/tools/bin/../lib/gcc/arm-none-eabi/12.3.1/thumb/v6-m/nofp\libgcc.a
LOAD C:/ST/STM32CubeIDE_1.15.1/STM32CubeIDE/plugins/com.st.stm32cube.ide.mcu.externaltools.gnu-tools-for-stm32.12.3.rel1.win32_1.0.100.202403111256/tools/bin/../lib/gcc/arm-none-eabi/12.3.1/../../../../arm-none-eabi/lib/thumb/v6-m/nofp\libc_nano.a
END GROUP
START GROUP
LOAD C:/ST/STM32CubeIDE_1.15.1/STM32CubeIDE/plugins/com.st.stm32cube.ide.mcu.externaltools.gnu-tools-for-stm32.12.3.rel1.win32_1.0.100.202403111256/tools/bin/../lib/gcc/arm-none-eabi/12.3.1/thumb/v6-m/nofp\libgcc.a
LOAD C:/ST/STM32CubeIDE_1.15.1/STM32CubeIDE/plugins/com.st.stm32cube.ide.mcu.externaltools.gnu-tools-for-stm32.12.3.rel1.win32_1.0.100.202403111256/tools/bin/../lib/gcc/arm-none-eabi/12.3.1/../../../../arm-none-eabi/lib/thumb/v6-m/nofp\libc_nano.a
LOAD C:/ST/STM32CubeIDE_1.15.1/STM32CubeIDE/plugins/com.st.stm32cube.ide.mcu.externaltools.gnu-tools-for-stm32.12.3.rel1.win32_1.0.100.202403111256/tools/bin/../lib/gcc/arm-none-eabi/12.3.1/../../../../arm-none-eabi/lib/thumb/v6-m/nofp\libnosys.a
END GROUP
START GROUP
LOAD C:/ST/STM32CubeIDE_1.15.1/STM32CubeIDE/plugins/com.st.stm32cube.ide.mcu.externaltools.gnu-tools-for-stm32.12.3.rel1.win32_1.0.100.202403111256/tools/bin/../lib/gcc/arm-none-eabi/12.3.1/thumb/v6-m/nofp\libgcc.a
LOAD C:/ST/STM32CubeIDE_1.15.1/STM32CubeIDE/plugins/com.st.stm32cube.ide.mcu.externaltools.gnu-tools-for-stm32.12.3.rel1.win32_1.0.100.202403111256/tools/bin/../lib/gcc/arm-none-eabi/12.3.1/../../../../arm-none-eabi/lib/thumb/v6-m/nofp\libc_nano.a
LOAD C:/ST/STM32CubeIDE_1.15.1/STM32CubeIDE/plugins/com.st.stm32cube.ide.mcu.externaltools.gnu-tools-for-stm32.12.3.rel1.win32_1.0.100.202403111256/tools/bin/../lib/gcc/arm-none-eabi/12.3.1/../../../../arm-none-eabi/lib/thumb/v6-m/nofp\libnosys.a
END GROUP
LOAD C:/ST/STM32CubeIDE_1.15.1/STM32CubeIDE/plugins/com.st.stm32cube.ide.mcu.externaltools.gnu-tools-for-stm32.12.3.rel1.win32_1.0.100.202403111256/tools/bin/../lib/gcc/arm-none-eabi/12.3.1/thumb/v6-m/nofp/crtend.o
LOAD C:/ST/STM32CubeIDE_1.15.1/STM32CubeIDE/plugins/com.st.stm32cube.ide.mcu.externaltools.gnu-tools-for-stm32.12.3.rel1.win32_1.0.100.202403111256/tools/bin/../lib/gcc/arm-none-eabi/12.3.1/thumb/v6-m/nofp/crtn.o
                0x20002000                        _estack = (ORIGIN (RAM) + LENGTH (RAM))
                0x00000200                        _Min_Heap_Size = 0x200
                0x00000400                        _Min_Stack_Size = 0x400

.isr_vector     0x08000000       0xc0
                0x08000000                        . = ALIGN (0x4)
 *(.isr_vector)
 .isr_vector    0x08000000       0xc0 ./Core/Startup/startup_stm32l031f6px.o
                0x08000000                g_pfnVectors
                0x080000c0                        . = ALIGN (0x4)

.text           0x080000c0     0x554c
                0x080000c0                        . = ALIGN (0x4)
 *(.text)
 .text          0x080000c0       0x48 C:/ST/STM32CubeIDE_1.15.1/STM32CubeIDE/plugins/com.st.stm32cube.ide.mcu.externaltools.gnu-tools-for-stm32.12.3.rel1.win32_1.0.100.202403111256/tools/bin/../lib/gcc/arm-none-eabi/12.3.1/thumb/v6-m/nofp/crtbegin.o
 .text          0x08000108      0x114 C:/ST/STM32CubeIDE_1.15.1/STM32CubeIDE/plugins/com.st.stm32cube.ide.mcu.externaltools.gnu-tools-for-stm32.12.3.rel1.win32_1.0.100.202403111256/tools/bin/../lib/gcc/arm-none-eabi/12.3.1/thumb/v6-m/nofp\libgcc.a(_udivsi3.o)
                0x08000108                __aeabi_uidiv
                0x08000108                __udivsi3
                0x08000214                __aeabi_uidivmod
 .text          0x0800021c        0x4 C:/ST/STM32CubeIDE_1.15.1/STM32CubeIDE/plugins/com.st.stm32cube.ide.mcu.externaltools.gnu-tools-for-stm32.12.3.rel1.win32_1.0.100.202403111256/tools/bin/../lib/gcc/arm-none-eabi/12.3.1/thumb/v6-m/nofp\libgcc.a(_dvmd_tls.o)
                0x0800021c                __aeabi_idiv0
                0x0800021c                __aeabi_ldiv0
 .text          0x08000220       0x40 C:/ST/STM32CubeIDE_1.15.1/STM32CubeIDE/plugins/com.st.stm32cube.ide.mcu.externaltools.gnu-tools-for-stm32.12.3.rel1.win32_1.0.100.202403111256/tools/bin/../lib/gcc/arm-none-eabi/12.3.1/thumb/v6-m/nofp\libgcc.a(_aeabi_uldivmod.o)
                0x08000220                __aeabi_uldivmod
 .text          0x08000260       0x5c C:/ST/STM32CubeIDE_1.15.1/STM32CubeIDE/plugins/com.st.stm32cube.ide.mcu.externaltools.gnu-tools-for-stm32.12.3.rel1.win32_1.0.100.202403111256/tools/bin/../lib/gcc/arm-none-eabi/12.3.1/thumb/v6-m/nofp\libgcc.a(_muldi3.o)
                0x08000260                __muldi3
                0x08000260                __aeabi_lmul
 .text          0x080002bc      0x198 C:/ST/STM32CubeIDE_1.15.1/STM32CubeIDE/plugins/com.st.stm32cube.ide.mcu.externaltools.gnu-tools-for-stm32.12.3.rel1.win32_1.0.100.202403111256/tools/bin/../lib/gcc/arm-none-eabi/12.3.1/thumb/v6-m/nofp\libgcc.a(_udivmoddi4.o)
                0x080002bc                __udivmoddi4
 .text          0x08000454      0x240 C:/ST/STM32CubeIDE_1.15.1/STM32CubeIDE/plugins/com.st.stm32cube.ide.mcu.externaltools.gnu-tools-for-stm32.12.3.rel1.win32_1.0.100.202403111256/tools/bin/../lib/gcc/arm-none-eabi/12.3.1/thumb/v6-m/nofp\libgcc.a(divsf3.o)
                0x08000454                __aeabi_fdiv
 .text          0x08000694      0x27c C:/ST/STM32CubeIDE_1.15.1/STM32CubeIDE/plugins/com.st.stm32cube.ide.mcu.externaltools.gnu-tools-for-stm32.12.3.rel1.win32_1.0.100.202403111256/tools/bin/../lib/gcc/arm-none-eabi/12.3.1/thumb/v6-m/nofp\libgcc.a(mulsf3.o)
                0x08000694                __aeabi_fmul
 .text          0x08000910      0x348 C:/ST/STM32CubeIDE_1.15.1/STM32CubeIDE/plugins/com.st.stm32cube.ide.mcu.externaltools.gnu-tools-for-stm32.12.3.rel1.win32_1.0.100.202403111256/tools/bin/../lib/gcc/arm-none-eabi/12.3.1/thumb/v6-m/nofp\libgcc.a(subsf3.o)
                0x08000910                __aeabi_fsub
 .text          0x08000c58       0x40 C:/ST/STM32CubeIDE_1.15.1/STM32CubeIDE/plugins/com.st.stm32cube.ide.mcu.externaltools.gnu-tools-for-stm32.12.3.rel1.win32_1.0.100.202403111256/tools/bin/../lib/gcc/arm-none-eabi/12.3.1/thumb/v6-m/nofp\libgcc.a(fixsfsi.o)
                0x08000c58                __aeabi_f2iz
 .text          0x08000c98       0x98 C:/ST/STM32CubeIDE_1.15.1/STM32CubeIDE/plugins/com.st.stm32cube.ide.mcu.externaltools.gnu-tools-for-stm32.12.3.rel1.win32_1.0.100.202403111256/tools/bin/../lib/gcc/arm-none-eabi/12.3.1/thumb/v6-m/nofp\libgcc.a(floatsisf.o)
                0x08000c98                __aeabi_i2f
 .text          0x08000d30       0x3c C:/ST/STM32CubeIDE_1.15.1/STM32CubeIDE/plugins/com.st.stm32cube.ide.mcu.externaltools.gnu-tools-for-stm32.12.3.rel1.win32_1.0.100.202403111256/tools/bin/../lib/gcc/arm-none-eabi/12.3.1/thumb/v6-m/nofp\libgcc.a(_clzsi2.o)
                0x08000d30                __clzsi2
 .text          0x08000d6c       0x18 C:/ST/STM32CubeIDE_1.15.1/STM32CubeIDE/plugins/com.st.stm32cube.ide.mcu.externaltools.gnu-tools-for-stm32.12.3.rel1.win32_1.0.100.202403111256/tools/bin/../lib/gcc/arm-none-eabi/12.3.1/thumb/v6-m/nofp\libgcc.a(_clzdi2.o)
                0x08000d6c                __clzdi2
 *(.text*)
 .text.modify_bit
                0x08000d84       0x64 ./Core/Src/CO2_probe.o
                0x08000d84                modify_bit
 .text.get_bit  0x08000de8       0x32 ./Core/Src/CO2_probe.o
                0x08000de8                get_bit
 .text.Set_pixel
                0x08000e1a       0x7c ./Core/Src/CO2_probe.o
                0x08000e1a                Set_pixel
 .text.countDigits
                0x08000e96       0x54 ./Core/Src/CO2_probe.o
                0x08000e96                countDigits
 .text.getDecimalDigits
                0x08000eea       0x7e ./Core/Src/CO2_probe.o
                0x08000eea                getDecimalDigits
 .text.Write_num
                0x08000f68      0x186 ./Core/Src/CO2_probe.o
                0x08000f68                Write_num
 .text.Zone_Write_nums
                0x080010ee      0x2d6 ./Core/Src/CO2_probe.o
                0x080010ee                Zone_Write_nums
 .text.Save_data
                0x080013c4       0xd6 ./Core/Src/CO2_probe.o
                0x080013c4                Save_data
 .text.Wipe_TextZone
                0x0800149a       0xde ./Core/Src/CO2_probe.o
                0x0800149a                Wipe_TextZone
 .text.Write_nums
                0x08001578      0x176 ./Core/Src/CO2_probe.o
                0x08001578                Write_nums
 .text.Display_Text
                0x080016ee      0x23c ./Core/Src/CO2_probe.o
                0x080016ee                Display_Text
 .text.Send_I2C_Command
                0x0800192a       0x58 ./Core/Src/CO2_probe.o
                0x0800192a                Send_I2C_Command
 *fill*         0x08001982        0x2 
 .text.SCREEN_GPIO_Act
                0x08001984       0xf0 ./Core/Src/CO2_probe.o
                0x08001984                SCREEN_GPIO_Act
 .text.SCREEN_GPIO_Deact
                0x08001a74       0xdc ./Core/Src/CO2_probe.o
                0x08001a74                SCREEN_GPIO_Deact
 .text.delay_xms
                0x08001b50       0x34 ./Core/Src/Display_EPD_W21.o
                0x08001b50                delay_xms
 .text.lcd_chkstatus
                0x08001b84       0x1e ./Core/Src/Display_EPD_W21.o
                0x08001b84                lcd_chkstatus
 .text.EPD_lut  0x08001ba2       0xbc ./Core/Src/Display_EPD_W21.o
                0x08001ba2                EPD_lut
 *fill*         0x08001c5e        0x2 
 .text.EPD_Init
                0x08001c60       0xc0 ./Core/Src/Display_EPD_W21.o
                0x08001c60                EPD_Init
 .text.EPD_Init_Part
                0x08001d20       0xc0 ./Core/Src/Display_EPD_W21.o
                0x08001d20                EPD_Init_Part
 .text.EPD_DeepSleep
                0x08001de0       0x32 ./Core/Src/Display_EPD_W21.o
                0x08001de0                EPD_DeepSleep
 .text.EPD_Update
                0x08001e12       0x1a ./Core/Src/Display_EPD_W21.o
                0x08001e12                EPD_Update
 .text.EPD_WhiteScreen_ALL
                0x08001e2c       0x60 ./Core/Src/Display_EPD_W21.o
                0x08001e2c                EPD_WhiteScreen_ALL
 .text.EPD_Dis_Part_Old
                0x08001e8c      0x152 ./Core/Src/Display_EPD_W21.o
                0x08001e8c                EPD_Dis_Part_Old
 *fill*         0x08001fde        0x2 
 .text.SPI_Write
                0x08001fe0       0x28 ./Core/Src/Display_EPD_W21_spi.o
                0x08001fe0                SPI_Write
 .text.EPD_W21_WriteCMD
                0x08002008       0x4a ./Core/Src/Display_EPD_W21_spi.o
                0x08002008                EPD_W21_WriteCMD
 .text.EPD_W21_WriteDATA
                0x08002052       0x4a ./Core/Src/Display_EPD_W21_spi.o
                0x08002052                EPD_W21_WriteDATA
 .text.main     0x0800209c      0x42c ./Core/Src/main.o
                0x0800209c                main
 .text.SystemClock_Config
                0x080024c8       0xdc ./Core/Src/main.o
                0x080024c8                SystemClock_Config
 .text.MX_I2C1_Init
                0x080025a4       0x80 ./Core/Src/main.o
 .text.MX_RTC_Init
                0x08002624       0x68 ./Core/Src/main.o
 .text.MX_SPI1_Init
                0x0800268c       0x70 ./Core/Src/main.o
 .text.MX_GPIO_Init
                0x080026fc      0x174 ./Core/Src/main.o
 .text.Error_Handler
                0x08002870        0xc ./Core/Src/main.o
                0x08002870                Error_Handler
 .text.HAL_MspInit
                0x0800287c       0x28 ./Core/Src/stm32l0xx_hal_msp.o
                0x0800287c                HAL_MspInit
 .text.HAL_I2C_MspInit
                0x080028a4       0x88 ./Core/Src/stm32l0xx_hal_msp.o
                0x080028a4                HAL_I2C_MspInit
 .text.HAL_RTC_MspInit
                0x0800292c       0x40 ./Core/Src/stm32l0xx_hal_msp.o
                0x0800292c                HAL_RTC_MspInit
 .text.HAL_SPI_MspInit
                0x0800296c       0x88 ./Core/Src/stm32l0xx_hal_msp.o
                0x0800296c                HAL_SPI_MspInit
 .text.NMI_Handler
                0x080029f4        0x8 ./Core/Src/stm32l0xx_it.o
                0x080029f4                NMI_Handler
 .text.HardFault_Handler
                0x080029fc        0x8 ./Core/Src/stm32l0xx_it.o
                0x080029fc                HardFault_Handler
 .text.SVC_Handler
                0x08002a04        0xa ./Core/Src/stm32l0xx_it.o
                0x08002a04                SVC_Handler
 .text.PendSV_Handler
                0x08002a0e        0xa ./Core/Src/stm32l0xx_it.o
                0x08002a0e                PendSV_Handler
 .text.SysTick_Handler
                0x08002a18        0xe ./Core/Src/stm32l0xx_it.o
                0x08002a18                SysTick_Handler
 *fill*         0x08002a26        0x2 
 .text.RTC_IRQHandler
                0x08002a28       0x18 ./Core/Src/stm32l0xx_it.o
                0x08002a28                RTC_IRQHandler
 .text.SystemInit
                0x08002a40        0xa ./Core/Src/system_stm32l0xx.o
                0x08002a40                SystemInit
 *fill*         0x08002a4a        0x2 
 .text.Reset_Handler
                0x08002a4c       0x50 ./Core/Startup/startup_stm32l031f6px.o
                0x08002a4c                Reset_Handler
 .text.Default_Handler
                0x08002a9c        0x2 ./Core/Startup/startup_stm32l031f6px.o
                0x08002a9c                ADC1_COMP_IRQHandler
                0x08002a9c                PVD_IRQHandler
                0x08002a9c                I2C1_IRQHandler
                0x08002a9c                SPI1_IRQHandler
                0x08002a9c                EXTI2_3_IRQHandler
                0x08002a9c                DMA1_Channel4_5_6_7_IRQHandler
                0x08002a9c                EXTI4_15_IRQHandler
                0x08002a9c                RCC_IRQHandler
                0x08002a9c                DMA1_Channel1_IRQHandler
                0x08002a9c                Default_Handler
                0x08002a9c                TIM22_IRQHandler
                0x08002a9c                EXTI0_1_IRQHandler
                0x08002a9c                TIM21_IRQHandler
                0x08002a9c                WWDG_IRQHandler
                0x08002a9c                LPUART1_IRQHandler
                0x08002a9c                TIM2_IRQHandler
                0x08002a9c                DMA1_Channel2_3_IRQHandler
                0x08002a9c                USART2_IRQHandler
                0x08002a9c                FLASH_IRQHandler
                0x08002a9c                LPTIM1_IRQHandler
 *fill*         0x08002a9e        0x2 
 .text.HAL_Init
                0x08002aa0       0x40 ./Drivers/STM32L0xx_HAL_Driver/Src/stm32l0xx_hal.o
                0x08002aa0                HAL_Init
 .text.HAL_InitTick
                0x08002ae0       0x68 ./Drivers/STM32L0xx_HAL_Driver/Src/stm32l0xx_hal.o
                0x08002ae0                HAL_InitTick
 .text.HAL_IncTick
                0x08002b48       0x24 ./Drivers/STM32L0xx_HAL_Driver/Src/stm32l0xx_hal.o
                0x08002b48                HAL_IncTick
 .text.HAL_GetTick
                0x08002b6c       0x14 ./Drivers/STM32L0xx_HAL_Driver/Src/stm32l0xx_hal.o
                0x08002b6c                HAL_GetTick
 .text.HAL_Delay
                0x08002b80       0x48 ./Drivers/STM32L0xx_HAL_Driver/Src/stm32l0xx_hal.o
                0x08002b80                HAL_Delay
 .text.HAL_SuspendTick
                0x08002bc8       0x1c ./Drivers/STM32L0xx_HAL_Driver/Src/stm32l0xx_hal.o
                0x08002bc8                HAL_SuspendTick
 .text.HAL_ResumeTick
                0x08002be4       0x1c ./Drivers/STM32L0xx_HAL_Driver/Src/stm32l0xx_hal.o
                0x08002be4                HAL_ResumeTick
 .text.__NVIC_EnableIRQ
                0x08002c00       0x34 ./Drivers/STM32L0xx_HAL_Driver/Src/stm32l0xx_hal_cortex.o
 .text.__NVIC_SetPriority
                0x08002c34       0xdc ./Drivers/STM32L0xx_HAL_Driver/Src/stm32l0xx_hal_cortex.o
 .text.SysTick_Config
                0x08002d10       0x48 ./Drivers/STM32L0xx_HAL_Driver/Src/stm32l0xx_hal_cortex.o
 .text.HAL_NVIC_SetPriority
                0x08002d58       0x2a ./Drivers/STM32L0xx_HAL_Driver/Src/stm32l0xx_hal_cortex.o
                0x08002d58                HAL_NVIC_SetPriority
 .text.HAL_NVIC_EnableIRQ
                0x08002d82       0x20 ./Drivers/STM32L0xx_HAL_Driver/Src/stm32l0xx_hal_cortex.o
                0x08002d82                HAL_NVIC_EnableIRQ
 .text.HAL_SYSTICK_Config
                0x08002da2       0x1a ./Drivers/STM32L0xx_HAL_Driver/Src/stm32l0xx_hal_cortex.o
                0x08002da2                HAL_SYSTICK_Config
 .text.HAL_GPIO_Init
                0x08002dbc      0x2dc ./Drivers/STM32L0xx_HAL_Driver/Src/stm32l0xx_hal_gpio.o
                0x08002dbc                HAL_GPIO_Init
 .text.HAL_GPIO_ReadPin
                0x08003098       0x3a ./Drivers/STM32L0xx_HAL_Driver/Src/stm32l0xx_hal_gpio.o
                0x08003098                HAL_GPIO_ReadPin
 .text.HAL_GPIO_WritePin
                0x080030d2       0x3a ./Drivers/STM32L0xx_HAL_Driver/Src/stm32l0xx_hal_gpio.o
                0x080030d2                HAL_GPIO_WritePin
 .text.HAL_I2C_Init
                0x0800310c      0x12c ./Drivers/STM32L0xx_HAL_Driver/Src/stm32l0xx_hal_i2c.o
                0x0800310c                HAL_I2C_Init
 .text.HAL_I2C_Master_Transmit
                0x08003238      0x210 ./Drivers/STM32L0xx_HAL_Driver/Src/stm32l0xx_hal_i2c.o
                0x08003238                HAL_I2C_Master_Transmit
 .text.HAL_I2C_Master_Receive
                0x08003448      0x210 ./Drivers/STM32L0xx_HAL_Driver/Src/stm32l0xx_hal_i2c.o
                0x08003448                HAL_I2C_Master_Receive
 .text.I2C_Flush_TXDR
                0x08003658       0x44 ./Drivers/STM32L0xx_HAL_Driver/Src/stm32l0xx_hal_i2c.o
 .text.I2C_WaitOnFlagUntilTimeout
                0x0800369c       0x9c ./Drivers/STM32L0xx_HAL_Driver/Src/stm32l0xx_hal_i2c.o
 .text.I2C_WaitOnTXISFlagUntilTimeout
                0x08003738       0x8c ./Drivers/STM32L0xx_HAL_Driver/Src/stm32l0xx_hal_i2c.o
 .text.I2C_WaitOnSTOPFlagUntilTimeout
                0x080037c4       0x86 ./Drivers/STM32L0xx_HAL_Driver/Src/stm32l0xx_hal_i2c.o
 *fill*         0x0800384a        0x2 
 .text.I2C_WaitOnRXNEFlagUntilTimeout
                0x0800384c      0x104 ./Drivers/STM32L0xx_HAL_Driver/Src/stm32l0xx_hal_i2c.o
 .text.I2C_IsErrorOccurred
                0x08003950      0x1f0 ./Drivers/STM32L0xx_HAL_Driver/Src/stm32l0xx_hal_i2c.o
 .text.I2C_TransferConfig
                0x08003b40       0x74 ./Drivers/STM32L0xx_HAL_Driver/Src/stm32l0xx_hal_i2c.o
 .text.HAL_I2CEx_ConfigAnalogFilter
                0x08003bb4       0x98 ./Drivers/STM32L0xx_HAL_Driver/Src/stm32l0xx_hal_i2c_ex.o
                0x08003bb4                HAL_I2CEx_ConfigAnalogFilter
 .text.HAL_I2CEx_ConfigDigitalFilter
                0x08003c4c       0x98 ./Drivers/STM32L0xx_HAL_Driver/Src/stm32l0xx_hal_i2c_ex.o
                0x08003c4c                HAL_I2CEx_ConfigDigitalFilter
 .text.HAL_PWR_EnterSTOPMode
                0x08003ce4       0xb8 ./Drivers/STM32L0xx_HAL_Driver/Src/stm32l0xx_hal_pwr.o
                0x08003ce4                HAL_PWR_EnterSTOPMode
 .text.HAL_RCC_OscConfig
                0x08003d9c      0x6f8 ./Drivers/STM32L0xx_HAL_Driver/Src/stm32l0xx_hal_rcc.o
                0x08003d9c                HAL_RCC_OscConfig
 .text.HAL_RCC_ClockConfig
                0x08004494      0x290 ./Drivers/STM32L0xx_HAL_Driver/Src/stm32l0xx_hal_rcc.o
                0x08004494                HAL_RCC_ClockConfig
 .text.HAL_RCC_GetSysClockFreq
                0x08004724      0x14c ./Drivers/STM32L0xx_HAL_Driver/Src/stm32l0xx_hal_rcc.o
                0x08004724                HAL_RCC_GetSysClockFreq
 .text.HAL_RCCEx_PeriphCLKConfig
                0x08004870      0x258 ./Drivers/STM32L0xx_HAL_Driver/Src/stm32l0xx_hal_rcc_ex.o
                0x08004870                HAL_RCCEx_PeriphCLKConfig
 .text.HAL_RTC_Init
                0x08004ac8      0x138 ./Drivers/STM32L0xx_HAL_Driver/Src/stm32l0xx_hal_rtc.o
                0x08004ac8                HAL_RTC_Init
 .text.HAL_RTC_WaitForSynchro
                0x08004c00       0x50 ./Drivers/STM32L0xx_HAL_Driver/Src/stm32l0xx_hal_rtc.o
                0x08004c00                HAL_RTC_WaitForSynchro
 .text.RTC_EnterInitMode
                0x08004c50       0x88 ./Drivers/STM32L0xx_HAL_Driver/Src/stm32l0xx_hal_rtc.o
                0x08004c50                RTC_EnterInitMode
 .text.RTC_ExitInitMode
                0x08004cd8       0x54 ./Drivers/STM32L0xx_HAL_Driver/Src/stm32l0xx_hal_rtc.o
                0x08004cd8                RTC_ExitInitMode
 .text.HAL_RTCEx_SetWakeUpTimer_IT
                0x08004d2c      0x1b0 ./Drivers/STM32L0xx_HAL_Driver/Src/stm32l0xx_hal_rtc_ex.o
                0x08004d2c                HAL_RTCEx_SetWakeUpTimer_IT
 .text.HAL_RTCEx_DeactivateWakeUpTimer
                0x08004edc       0xc8 ./Drivers/STM32L0xx_HAL_Driver/Src/stm32l0xx_hal_rtc_ex.o
                0x08004edc                HAL_RTCEx_DeactivateWakeUpTimer
 .text.HAL_RTCEx_WakeUpTimerIRQHandler
                0x08004fa4       0x60 ./Drivers/STM32L0xx_HAL_Driver/Src/stm32l0xx_hal_rtc_ex.o
                0x08004fa4                HAL_RTCEx_WakeUpTimerIRQHandler
 .text.HAL_RTCEx_WakeUpTimerEventCallback
                0x08005004       0x10 ./Drivers/STM32L0xx_HAL_Driver/Src/stm32l0xx_hal_rtc_ex.o
                0x08005004                HAL_RTCEx_WakeUpTimerEventCallback
 .text.HAL_SPI_Init
                0x08005014      0x112 ./Drivers/STM32L0xx_HAL_Driver/Src/stm32l0xx_hal_spi.o
                0x08005014                HAL_SPI_Init
 .text.HAL_SPI_Transmit
                0x08005126      0x2ba ./Drivers/STM32L0xx_HAL_Driver/Src/stm32l0xx_hal_spi.o
                0x08005126                HAL_SPI_Transmit
 .text.SPI_WaitFlagStateUntilTimeout
                0x080053e0      0x11c ./Drivers/STM32L0xx_HAL_Driver/Src/stm32l0xx_hal_spi.o
 .text.SPI_EndRxTxTransaction
                0x080054fc       0x8c ./Drivers/STM32L0xx_HAL_Driver/Src/stm32l0xx_hal_spi.o
 .text.memset   0x08005588       0x10 C:/ST/STM32CubeIDE_1.15.1/STM32CubeIDE/plugins/com.st.stm32cube.ide.mcu.externaltools.gnu-tools-for-stm32.12.3.rel1.win32_1.0.100.202403111256/tools/bin/../lib/gcc/arm-none-eabi/12.3.1/../../../../arm-none-eabi/lib/thumb/v6-m/nofp\libc_nano.a(libc_a-memset.o)
                0x08005588                memset
 .text.__libc_init_array
                0x08005598       0x48 C:/ST/STM32CubeIDE_1.15.1/STM32CubeIDE/plugins/com.st.stm32cube.ide.mcu.externaltools.gnu-tools-for-stm32.12.3.rel1.win32_1.0.100.202403111256/tools/bin/../lib/gcc/arm-none-eabi/12.3.1/../../../../arm-none-eabi/lib/thumb/v6-m/nofp\libc_nano.a(libc_a-init.o)
                0x08005598                __libc_init_array
 .text.memcpy   0x080055e0       0x12 C:/ST/STM32CubeIDE_1.15.1/STM32CubeIDE/plugins/com.st.stm32cube.ide.mcu.externaltools.gnu-tools-for-stm32.12.3.rel1.win32_1.0.100.202403111256/tools/bin/../lib/gcc/arm-none-eabi/12.3.1/../../../../arm-none-eabi/lib/thumb/v6-m/nofp\libc_nano.a(libc_a-memcpy-stub.o)
                0x080055e0                memcpy
 *(.glue_7)
 .glue_7        0x080055f2        0x0 linker stubs
 *(.glue_7t)
 .glue_7t       0x080055f2        0x0 linker stubs
 *(.eh_frame)
 *fill*         0x080055f2        0x2 
 .eh_frame      0x080055f4        0x0 C:/ST/STM32CubeIDE_1.15.1/STM32CubeIDE/plugins/com.st.stm32cube.ide.mcu.externaltools.gnu-tools-for-stm32.12.3.rel1.win32_1.0.100.202403111256/tools/bin/../lib/gcc/arm-none-eabi/12.3.1/thumb/v6-m/nofp/crtbegin.o
 *(.init)
 .init          0x080055f4        0x4 C:/ST/STM32CubeIDE_1.15.1/STM32CubeIDE/plugins/com.st.stm32cube.ide.mcu.externaltools.gnu-tools-for-stm32.12.3.rel1.win32_1.0.100.202403111256/tools/bin/../lib/gcc/arm-none-eabi/12.3.1/thumb/v6-m/nofp/crti.o
                0x080055f4                _init
 .init          0x080055f8        0x8 C:/ST/STM32CubeIDE_1.15.1/STM32CubeIDE/plugins/com.st.stm32cube.ide.mcu.externaltools.gnu-tools-for-stm32.12.3.rel1.win32_1.0.100.202403111256/tools/bin/../lib/gcc/arm-none-eabi/12.3.1/thumb/v6-m/nofp/crtn.o
 *(.fini)
 .fini          0x08005600        0x4 C:/ST/STM32CubeIDE_1.15.1/STM32CubeIDE/plugins/com.st.stm32cube.ide.mcu.externaltools.gnu-tools-for-stm32.12.3.rel1.win32_1.0.100.202403111256/tools/bin/../lib/gcc/arm-none-eabi/12.3.1/thumb/v6-m/nofp/crti.o
                0x08005600                _fini
 .fini          0x08005604        0x8 C:/ST/STM32CubeIDE_1.15.1/STM32CubeIDE/plugins/com.st.stm32cube.ide.mcu.externaltools.gnu-tools-for-stm32.12.3.rel1.win32_1.0.100.202403111256/tools/bin/../lib/gcc/arm-none-eabi/12.3.1/thumb/v6-m/nofp/crtn.o
                0x0800560c                        . = ALIGN (0x4)
                0x0800560c                        _etext = .

.vfp11_veneer   0x0800560c        0x0
 .vfp11_veneer  0x0800560c        0x0 linker stubs

.v4_bx          0x0800560c        0x0
 .v4_bx         0x0800560c        0x0 linker stubs

.iplt           0x0800560c        0x0
 .iplt          0x0800560c        0x0 C:/ST/STM32CubeIDE_1.15.1/STM32CubeIDE/plugins/com.st.stm32cube.ide.mcu.externaltools.gnu-tools-for-stm32.12.3.rel1.win32_1.0.100.202403111256/tools/bin/../lib/gcc/arm-none-eabi/12.3.1/thumb/v6-m/nofp/crtbegin.o

.rodata         0x0800560c      0x4bc
                0x0800560c                        . = ALIGN (0x4)
 *(.rodata)
 .rodata        0x0800560c       0x7c C:/ST/STM32CubeIDE_1.15.1/STM32CubeIDE/plugins/com.st.stm32cube.ide.mcu.externaltools.gnu-tools-for-stm32.12.3.rel1.win32_1.0.100.202403111256/tools/bin/../lib/gcc/arm-none-eabi/12.3.1/thumb/v6-m/nofp\libgcc.a(divsf3.o)
 *(.rodata*)
 .rodata.AHBPrescTable
                0x08005688       0x10 ./Core/Src/system_stm32l0xx.o
                0x08005688                AHBPrescTable
 .rodata.PLLMulTable
                0x08005698        0x9 ./Core/Src/system_stm32l0xx.o
                0x08005698                PLLMulTable
 *fill*         0x080056a1        0x3 
 .rodata.FontCO2_table
                0x080056a4      0x21c ./Core/Src/Fonts/FontCO2.o
                0x080056a4                FontCO2_table
 .rodata.FontINFO_table
                0x080058c0       0x8c ./Core/Src/Fonts/FontINFO.o
                0x080058c0                FontINFO_table
 .rodata.FontTIME_table
                0x0800594c      0x17c ./Core/Src/Fonts/FontTIME.o
                0x0800594c                FontTIME_table
                0x08005ac8                        . = ALIGN (0x4)

.ARM.extab      0x08005ac8        0x0
                0x08005ac8                        . = ALIGN (0x4)
 *(.ARM.extab* .gnu.linkonce.armextab.*)
                0x08005ac8                        . = ALIGN (0x4)

.ARM            0x08005ac8        0x8
                0x08005ac8                        . = ALIGN (0x4)
                0x08005ac8                        __exidx_start = .
 *(.ARM.exidx*)
 .ARM.exidx     0x08005ac8        0x8 C:/ST/STM32CubeIDE_1.15.1/STM32CubeIDE/plugins/com.st.stm32cube.ide.mcu.externaltools.gnu-tools-for-stm32.12.3.rel1.win32_1.0.100.202403111256/tools/bin/../lib/gcc/arm-none-eabi/12.3.1/thumb/v6-m/nofp\libgcc.a(_udivmoddi4.o)
                0x08005ad0                        __exidx_end = .
                0x08005ad0                        . = ALIGN (0x4)

.preinit_array  0x08005ad0        0x0
                0x08005ad0                        . = ALIGN (0x4)
                0x08005ad0                        PROVIDE (__preinit_array_start = .)
 *(.preinit_array*)
                0x08005ad0                        PROVIDE (__preinit_array_end = .)
                0x08005ad0                        . = ALIGN (0x4)

.init_array     0x08005ad0        0x4
                0x08005ad0                        . = ALIGN (0x4)
                0x08005ad0                        PROVIDE (__init_array_start = .)
 *(SORT_BY_NAME(.init_array.*))
 *(.init_array*)
 .init_array    0x08005ad0        0x4 C:/ST/STM32CubeIDE_1.15.1/STM32CubeIDE/plugins/com.st.stm32cube.ide.mcu.externaltools.gnu-tools-for-stm32.12.3.rel1.win32_1.0.100.202403111256/tools/bin/../lib/gcc/arm-none-eabi/12.3.1/thumb/v6-m/nofp/crtbegin.o
                0x08005ad4                        PROVIDE (__init_array_end = .)
                0x08005ad4                        . = ALIGN (0x4)

.fini_array     0x08005ad4        0x4
                0x08005ad4                        . = ALIGN (0x4)
                [!provide]                        PROVIDE (__fini_array_start = .)
 *(SORT_BY_NAME(.fini_array.*))
 *(.fini_array*)
 .fini_array    0x08005ad4        0x4 C:/ST/STM32CubeIDE_1.15.1/STM32CubeIDE/plugins/com.st.stm32cube.ide.mcu.externaltools.gnu-tools-for-stm32.12.3.rel1.win32_1.0.100.202403111256/tools/bin/../lib/gcc/arm-none-eabi/12.3.1/thumb/v6-m/nofp/crtbegin.o
                [!provide]                        PROVIDE (__fini_array_end = .)
                0x08005ad8                        . = ALIGN (0x4)
                0x08005ad8                        _sidata = LOADADDR (.data)

.rel.dyn        0x08005ad8        0x0
 .rel.iplt      0x08005ad8        0x0 C:/ST/STM32CubeIDE_1.15.1/STM32CubeIDE/plugins/com.st.stm32cube.ide.mcu.externaltools.gnu-tools-for-stm32.12.3.rel1.win32_1.0.100.202403111256/tools/bin/../lib/gcc/arm-none-eabi/12.3.1/thumb/v6-m/nofp/crtbegin.o

.data           0x20000000      0x80c load address 0x08005ad8
                0x20000000                        . = ALIGN (0x4)
                0x20000000                        _sdata = .
 *(.data)
 *(.data*)
 .data.Base_map
                0x20000000      0x7e8 ./Core/Src/main.o
 .data.SystemCoreClock
                0x200007e8        0x4 ./Core/Src/system_stm32l0xx.o
                0x200007e8                SystemCoreClock
 .data.FONT_CO2
                0x200007ec        0x8 ./Core/Src/Fonts/FontCO2.o
                0x200007ec                FONT_CO2
 .data.FONT_INFO
                0x200007f4        0x8 ./Core/Src/Fonts/FontINFO.o
                0x200007f4                FONT_INFO
 .data.FONT_TIME
                0x200007fc        0x8 ./Core/Src/Fonts/FontTIME.o
                0x200007fc                FONT_TIME
 .data.uwTickPrio
                0x20000804        0x4 ./Drivers/STM32L0xx_HAL_Driver/Src/stm32l0xx_hal.o
                0x20000804                uwTickPrio
 .data.uwTickFreq
                0x20000808        0x1 ./Drivers/STM32L0xx_HAL_Driver/Src/stm32l0xx_hal.o
                0x20000808                uwTickFreq
 *(.RamFunc)
 *(.RamFunc*)
                0x2000080c                        . = ALIGN (0x4)
 *fill*         0x20000809        0x3 
                0x2000080c                        _edata = .

.igot.plt       0x2000080c        0x0 load address 0x080062e4
 .igot.plt      0x2000080c        0x0 C:/ST/STM32CubeIDE_1.15.1/STM32CubeIDE/plugins/com.st.stm32cube.ide.mcu.externaltools.gnu-tools-for-stm32.12.3.rel1.win32_1.0.100.202403111256/tools/bin/../lib/gcc/arm-none-eabi/12.3.1/thumb/v6-m/nofp/crtbegin.o
                0x2000080c                        . = ALIGN (0x4)

.bss            0x2000080c       0xf0 load address 0x080062e4
                0x2000080c                        _sbss = .
                0x2000080c                        __bss_start__ = _sbss
 *(.bss)
 .bss           0x2000080c       0x1c C:/ST/STM32CubeIDE_1.15.1/STM32CubeIDE/plugins/com.st.stm32cube.ide.mcu.externaltools.gnu-tools-for-stm32.12.3.rel1.win32_1.0.100.202403111256/tools/bin/../lib/gcc/arm-none-eabi/12.3.1/thumb/v6-m/nofp/crtbegin.o
 *(.bss*)
 .bss.hi2c1     0x20000828       0x54 ./Core/Src/main.o
                0x20000828                hi2c1
 .bss.hrtc      0x2000087c       0x24 ./Core/Src/main.o
                0x2000087c                hrtc
 .bss.hspi1     0x200008a0       0x58 ./Core/Src/main.o
                0x200008a0                hspi1
 .bss.uwTick    0x200008f8        0x4 ./Drivers/STM32L0xx_HAL_Driver/Src/stm32l0xx_hal.o
                0x200008f8                uwTick
 *(COMMON)
                0x200008fc                        . = ALIGN (0x4)
                0x200008fc                        _ebss = .
                0x200008fc                        __bss_end__ = _ebss

._user_heap_stack
                0x200008fc      0x604 load address 0x080062e4
                0x20000900                        . = ALIGN (0x8)
 *fill*         0x200008fc        0x4 
                [!provide]                        PROVIDE (end = .)
                0x20000900                        PROVIDE (_end = .)
                0x20000b00                        . = (. + _Min_Heap_Size)
 *fill*         0x20000900      0x200 
                0x20000f00                        . = (. + _Min_Stack_Size)
 *fill*         0x20000b00      0x400 
                0x20000f00                        . = ALIGN (0x8)

/DISCARD/
 libc.a(*)
 libm.a(*)
 libgcc.a(*)

.ARM.attributes
                0x00000000       0x28
 *(.ARM.attributes)
 .ARM.attributes
                0x00000000       0x1e C:/ST/STM32CubeIDE_1.15.1/STM32CubeIDE/plugins/com.st.stm32cube.ide.mcu.externaltools.gnu-tools-for-stm32.12.3.rel1.win32_1.0.100.202403111256/tools/bin/../lib/gcc/arm-none-eabi/12.3.1/thumb/v6-m/nofp/crti.o
 .ARM.attributes
                0x0000001e       0x2c C:/ST/STM32CubeIDE_1.15.1/STM32CubeIDE/plugins/com.st.stm32cube.ide.mcu.externaltools.gnu-tools-for-stm32.12.3.rel1.win32_1.0.100.202403111256/tools/bin/../lib/gcc/arm-none-eabi/12.3.1/thumb/v6-m/nofp/crtbegin.o
 .ARM.attributes
                0x0000004a       0x2c ./Core/Src/CO2_probe.o
 .ARM.attributes
                0x00000076       0x2c ./Core/Src/Display_EPD_W21.o
 .ARM.attributes
                0x000000a2       0x2c ./Core/Src/Display_EPD_W21_spi.o
 .ARM.attributes
                0x000000ce       0x2c ./Core/Src/main.o
 .ARM.attributes
                0x000000fa       0x2c ./Core/Src/stm32l0xx_hal_msp.o
 .ARM.attributes
                0x00000126       0x2c ./Core/Src/stm32l0xx_it.o
 .ARM.attributes
                0x00000152       0x2c ./Core/Src/system_stm32l0xx.o
 .ARM.attributes
                0x0000017e       0x2c ./Core/Src/Fonts/FontCO2.o
 .ARM.attributes
                0x000001aa       0x2c ./Core/Src/Fonts/FontINFO.o
 .ARM.attributes
                0x000001d6       0x2c ./Core/Src/Fonts/FontTIME.o
 .ARM.attributes
                0x00000202       0x22 ./Core/Startup/startup_stm32l031f6px.o
 .ARM.attributes
                0x00000224       0x2c ./Drivers/STM32L0xx_HAL_Driver/Src/stm32l0xx_hal.o
 .ARM.attributes
                0x00000250       0x2c ./Drivers/STM32L0xx_HAL_Driver/Src/stm32l0xx_hal_cortex.o
 .ARM.attributes
                0x0000027c       0x2c ./Drivers/STM32L0xx_HAL_Driver/Src/stm32l0xx_hal_gpio.o
 .ARM.attributes
                0x000002a8       0x2c ./Drivers/STM32L0xx_HAL_Driver/Src/stm32l0xx_hal_i2c.o
 .ARM.attributes
                0x000002d4       0x2c ./Drivers/STM32L0xx_HAL_Driver/Src/stm32l0xx_hal_i2c_ex.o
 .ARM.attributes
                0x00000300       0x2c ./Drivers/STM32L0xx_HAL_Driver/Src/stm32l0xx_hal_pwr.o
 .ARM.attributes
                0x0000032c       0x2c ./Drivers/STM32L0xx_HAL_Driver/Src/stm32l0xx_hal_rcc.o
 .ARM.attributes
                0x00000358       0x2c ./Drivers/STM32L0xx_HAL_Driver/Src/stm32l0xx_hal_rcc_ex.o
 .ARM.attributes
                0x00000384       0x2c ./Drivers/STM32L0xx_HAL_Driver/Src/stm32l0xx_hal_rtc.o
 .ARM.attributes
                0x000003b0       0x2c ./Drivers/STM32L0xx_HAL_Driver/Src/stm32l0xx_hal_rtc_ex.o
 .ARM.attributes
                0x000003dc       0x2c ./Drivers/STM32L0xx_HAL_Driver/Src/stm32l0xx_hal_spi.o
 .ARM.attributes
                0x00000408       0x2c C:/ST/STM32CubeIDE_1.15.1/STM32CubeIDE/plugins/com.st.stm32cube.ide.mcu.externaltools.gnu-tools-for-stm32.12.3.rel1.win32_1.0.100.202403111256/tools/bin/../lib/gcc/arm-none-eabi/12.3.1/../../../../arm-none-eabi/lib/thumb/v6-m/nofp\libc_nano.a(libc_a-memset.o)
 .ARM.attributes
                0x00000434       0x2c C:/ST/STM32CubeIDE_1.15.1/STM32CubeIDE/plugins/com.st.stm32cube.ide.mcu.externaltools.gnu-tools-for-stm32.12.3.rel1.win32_1.0.100.202403111256/tools/bin/../lib/gcc/arm-none-eabi/12.3.1/../../../../arm-none-eabi/lib/thumb/v6-m/nofp\libc_nano.a(libc_a-init.o)
 .ARM.attributes
                0x00000460       0x2c C:/ST/STM32CubeIDE_1.15.1/STM32CubeIDE/plugins/com.st.stm32cube.ide.mcu.externaltools.gnu-tools-for-stm32.12.3.rel1.win32_1.0.100.202403111256/tools/bin/../lib/gcc/arm-none-eabi/12.3.1/../../../../arm-none-eabi/lib/thumb/v6-m/nofp\libc_nano.a(libc_a-memcpy-stub.o)
 .ARM.attributes
                0x0000048c       0x1e C:/ST/STM32CubeIDE_1.15.1/STM32CubeIDE/plugins/com.st.stm32cube.ide.mcu.externaltools.gnu-tools-for-stm32.12.3.rel1.win32_1.0.100.202403111256/tools/bin/../lib/gcc/arm-none-eabi/12.3.1/thumb/v6-m/nofp\libgcc.a(_udivsi3.o)
 .ARM.attributes
                0x000004aa       0x1e C:/ST/STM32CubeIDE_1.15.1/STM32CubeIDE/plugins/com.st.stm32cube.ide.mcu.externaltools.gnu-tools-for-stm32.12.3.rel1.win32_1.0.100.202403111256/tools/bin/../lib/gcc/arm-none-eabi/12.3.1/thumb/v6-m/nofp\libgcc.a(_dvmd_tls.o)
 .ARM.attributes
                0x000004c8       0x1e C:/ST/STM32CubeIDE_1.15.1/STM32CubeIDE/plugins/com.st.stm32cube.ide.mcu.externaltools.gnu-tools-for-stm32.12.3.rel1.win32_1.0.100.202403111256/tools/bin/../lib/gcc/arm-none-eabi/12.3.1/thumb/v6-m/nofp\libgcc.a(_aeabi_uldivmod.o)
 .ARM.attributes
                0x000004e6       0x2c C:/ST/STM32CubeIDE_1.15.1/STM32CubeIDE/plugins/com.st.stm32cube.ide.mcu.externaltools.gnu-tools-for-stm32.12.3.rel1.win32_1.0.100.202403111256/tools/bin/../lib/gcc/arm-none-eabi/12.3.1/thumb/v6-m/nofp\libgcc.a(_muldi3.o)
 .ARM.attributes
                0x00000512       0x2c C:/ST/STM32CubeIDE_1.15.1/STM32CubeIDE/plugins/com.st.stm32cube.ide.mcu.externaltools.gnu-tools-for-stm32.12.3.rel1.win32_1.0.100.202403111256/tools/bin/../lib/gcc/arm-none-eabi/12.3.1/thumb/v6-m/nofp\libgcc.a(_udivmoddi4.o)
 .ARM.attributes
                0x0000053e       0x2c C:/ST/STM32CubeIDE_1.15.1/STM32CubeIDE/plugins/com.st.stm32cube.ide.mcu.externaltools.gnu-tools-for-stm32.12.3.rel1.win32_1.0.100.202403111256/tools/bin/../lib/gcc/arm-none-eabi/12.3.1/thumb/v6-m/nofp\libgcc.a(divsf3.o)
 .ARM.attributes
                0x0000056a       0x2c C:/ST/STM32CubeIDE_1.15.1/STM32CubeIDE/plugins/com.st.stm32cube.ide.mcu.externaltools.gnu-tools-for-stm32.12.3.rel1.win32_1.0.100.202403111256/tools/bin/../lib/gcc/arm-none-eabi/12.3.1/thumb/v6-m/nofp\libgcc.a(mulsf3.o)
 .ARM.attributes
                0x00000596       0x2c C:/ST/STM32CubeIDE_1.15.1/STM32CubeIDE/plugins/com.st.stm32cube.ide.mcu.externaltools.gnu-tools-for-stm32.12.3.rel1.win32_1.0.100.202403111256/tools/bin/../lib/gcc/arm-none-eabi/12.3.1/thumb/v6-m/nofp\libgcc.a(subsf3.o)
 .ARM.attributes
                0x000005c2       0x2c C:/ST/STM32CubeIDE_1.15.1/STM32CubeIDE/plugins/com.st.stm32cube.ide.mcu.externaltools.gnu-tools-for-stm32.12.3.rel1.win32_1.0.100.202403111256/tools/bin/../lib/gcc/arm-none-eabi/12.3.1/thumb/v6-m/nofp\libgcc.a(fixsfsi.o)
 .ARM.attributes
                0x000005ee       0x2c C:/ST/STM32CubeIDE_1.15.1/STM32CubeIDE/plugins/com.st.stm32cube.ide.mcu.externaltools.gnu-tools-for-stm32.12.3.rel1.win32_1.0.100.202403111256/tools/bin/../lib/gcc/arm-none-eabi/12.3.1/thumb/v6-m/nofp\libgcc.a(floatsisf.o)
 .ARM.attributes
                0x0000061a       0x1e C:/ST/STM32CubeIDE_1.15.1/STM32CubeIDE/plugins/com.st.stm32cube.ide.mcu.externaltools.gnu-tools-for-stm32.12.3.rel1.win32_1.0.100.202403111256/tools/bin/../lib/gcc/arm-none-eabi/12.3.1/thumb/v6-m/nofp\libgcc.a(_clzsi2.o)
 .ARM.attributes
                0x00000638       0x1e C:/ST/STM32CubeIDE_1.15.1/STM32CubeIDE/plugins/com.st.stm32cube.ide.mcu.externaltools.gnu-tools-for-stm32.12.3.rel1.win32_1.0.100.202403111256/tools/bin/../lib/gcc/arm-none-eabi/12.3.1/thumb/v6-m/nofp\libgcc.a(_clzdi2.o)
 .ARM.attributes
                0x00000656       0x1e C:/ST/STM32CubeIDE_1.15.1/STM32CubeIDE/plugins/com.st.stm32cube.ide.mcu.externaltools.gnu-tools-for-stm32.12.3.rel1.win32_1.0.100.202403111256/tools/bin/../lib/gcc/arm-none-eabi/12.3.1/thumb/v6-m/nofp/crtn.o
OUTPUT(Sonde_CO2.elf elf32-littlearm)
LOAD linker stubs
LOAD C:/ST/STM32CubeIDE_1.15.1/STM32CubeIDE/plugins/com.st.stm32cube.ide.mcu.externaltools.gnu-tools-for-stm32.12.3.rel1.win32_1.0.100.202403111256/tools/bin/../lib/gcc/arm-none-eabi/12.3.1/../../../../arm-none-eabi/lib/thumb/v6-m/nofp\libc.a
LOAD C:/ST/STM32CubeIDE_1.15.1/STM32CubeIDE/plugins/com.st.stm32cube.ide.mcu.externaltools.gnu-tools-for-stm32.12.3.rel1.win32_1.0.100.202403111256/tools/bin/../lib/gcc/arm-none-eabi/12.3.1/../../../../arm-none-eabi/lib/thumb/v6-m/nofp\libm.a
LOAD C:/ST/STM32CubeIDE_1.15.1/STM32CubeIDE/plugins/com.st.stm32cube.ide.mcu.externaltools.gnu-tools-for-stm32.12.3.rel1.win32_1.0.100.202403111256/tools/bin/../lib/gcc/arm-none-eabi/12.3.1/thumb/v6-m/nofp\libgcc.a

.debug_info     0x00000000     0xcaed
 .debug_info    0x00000000      0xd85 ./Core/Src/CO2_probe.o
 .debug_info    0x00000d85      0x6ec ./Core/Src/Display_EPD_W21.o
 .debug_info    0x00001471      0x721 ./Core/Src/Display_EPD_W21_spi.o
 .debug_info    0x00001b92     0x1605 ./Core/Src/main.o
 .debug_info    0x00003197      0xee1 ./Core/Src/stm32l0xx_hal_msp.o
 .debug_info    0x00004078      0x372 ./Core/Src/stm32l0xx_it.o
 .debug_info    0x000043ea      0x2d0 ./Core/Src/system_stm32l0xx.o
 .debug_info    0x000046ba      0x120 ./Core/Src/Fonts/FontCO2.o
 .debug_info    0x000047da      0x11f ./Core/Src/Fonts/FontINFO.o
 .debug_info    0x000048f9      0x120 ./Core/Src/Fonts/FontTIME.o
 .debug_info    0x00004a19       0x30 ./Core/Startup/startup_stm32l031f6px.o
 .debug_info    0x00004a49      0x818 ./Drivers/STM32L0xx_HAL_Driver/Src/stm32l0xx_hal.o
 .debug_info    0x00005261      0x678 ./Drivers/STM32L0xx_HAL_Driver/Src/stm32l0xx_hal_cortex.o
 .debug_info    0x000058d9      0x624 ./Drivers/STM32L0xx_HAL_Driver/Src/stm32l0xx_hal_gpio.o
 .debug_info    0x00005efd     0x205f ./Drivers/STM32L0xx_HAL_Driver/Src/stm32l0xx_hal_i2c.o
 .debug_info    0x00007f5c      0x884 ./Drivers/STM32L0xx_HAL_Driver/Src/stm32l0xx_hal_i2c_ex.o
 .debug_info    0x000087e0      0x5fe ./Drivers/STM32L0xx_HAL_Driver/Src/stm32l0xx_hal_pwr.o
 .debug_info    0x00008dde      0x96f ./Drivers/STM32L0xx_HAL_Driver/Src/stm32l0xx_hal_rcc.o
 .debug_info    0x0000974d      0x46d ./Drivers/STM32L0xx_HAL_Driver/Src/stm32l0xx_hal_rcc_ex.o
 .debug_info    0x00009bba      0xb7a ./Drivers/STM32L0xx_HAL_Driver/Src/stm32l0xx_hal_rtc.o
 .debug_info    0x0000a734      0xe07 ./Drivers/STM32L0xx_HAL_Driver/Src/stm32l0xx_hal_rtc_ex.o
 .debug_info    0x0000b53b     0x15b2 ./Drivers/STM32L0xx_HAL_Driver/Src/stm32l0xx_hal_spi.o

.debug_abbrev   0x00000000     0x276e
 .debug_abbrev  0x00000000      0x26c ./Core/Src/CO2_probe.o
 .debug_abbrev  0x0000026c      0x247 ./Core/Src/Display_EPD_W21.o
 .debug_abbrev  0x000004b3      0x1a4 ./Core/Src/Display_EPD_W21_spi.o
 .debug_abbrev  0x00000657      0x30d ./Core/Src/main.o
 .debug_abbrev  0x00000964      0x1c3 ./Core/Src/stm32l0xx_hal_msp.o
 .debug_abbrev  0x00000b27      0x14a ./Core/Src/stm32l0xx_it.o
 .debug_abbrev  0x00000c71      0x11c ./Core/Src/system_stm32l0xx.o
 .debug_abbrev  0x00000d8d       0xaf ./Core/Src/Fonts/FontCO2.o
 .debug_abbrev  0x00000e3c       0xaf ./Core/Src/Fonts/FontINFO.o
 .debug_abbrev  0x00000eeb       0xaf ./Core/Src/Fonts/FontTIME.o
 .debug_abbrev  0x00000f9a       0x24 ./Core/Startup/startup_stm32l031f6px.o
 .debug_abbrev  0x00000fbe      0x2a4 ./Drivers/STM32L0xx_HAL_Driver/Src/stm32l0xx_hal.o
 .debug_abbrev  0x00001262      0x26f ./Drivers/STM32L0xx_HAL_Driver/Src/stm32l0xx_hal_cortex.o
 .debug_abbrev  0x000014d1      0x1ca ./Drivers/STM32L0xx_HAL_Driver/Src/stm32l0xx_hal_gpio.o
 .debug_abbrev  0x0000169b      0x270 ./Drivers/STM32L0xx_HAL_Driver/Src/stm32l0xx_hal_i2c.o
 .debug_abbrev  0x0000190b      0x1b9 ./Drivers/STM32L0xx_HAL_Driver/Src/stm32l0xx_hal_i2c_ex.o
 .debug_abbrev  0x00001ac4      0x18c ./Drivers/STM32L0xx_HAL_Driver/Src/stm32l0xx_hal_pwr.o
 .debug_abbrev  0x00001c50      0x295 ./Drivers/STM32L0xx_HAL_Driver/Src/stm32l0xx_hal_rcc.o
 .debug_abbrev  0x00001ee5      0x1d2 ./Drivers/STM32L0xx_HAL_Driver/Src/stm32l0xx_hal_rcc_ex.o
 .debug_abbrev  0x000020b7      0x1fc ./Drivers/STM32L0xx_HAL_Driver/Src/stm32l0xx_hal_rtc.o
 .debug_abbrev  0x000022b3      0x23d ./Drivers/STM32L0xx_HAL_Driver/Src/stm32l0xx_hal_rtc_ex.o
 .debug_abbrev  0x000024f0      0x27e ./Drivers/STM32L0xx_HAL_Driver/Src/stm32l0xx_hal_spi.o

.debug_aranges  0x00000000      0xd58
 .debug_aranges
                0x00000000       0x88 ./Core/Src/CO2_probe.o
 .debug_aranges
                0x00000088       0xa8 ./Core/Src/Display_EPD_W21.o
 .debug_aranges
                0x00000130       0x38 ./Core/Src/Display_EPD_W21_spi.o
 .debug_aranges
                0x00000168       0x50 ./Core/Src/main.o
 .debug_aranges
                0x000001b8       0x50 ./Core/Src/stm32l0xx_hal_msp.o
 .debug_aranges
                0x00000208       0x48 ./Core/Src/stm32l0xx_it.o
 .debug_aranges
                0x00000250       0x28 ./Core/Src/system_stm32l0xx.o
 .debug_aranges
                0x00000278       0x18 ./Core/Src/Fonts/FontCO2.o
 .debug_aranges
                0x00000290       0x18 ./Core/Src/Fonts/FontINFO.o
 .debug_aranges
                0x000002a8       0x18 ./Core/Src/Fonts/FontTIME.o
 .debug_aranges
                0x000002c0       0x28 ./Core/Startup/startup_stm32l031f6px.o
 .debug_aranges
                0x000002e8      0x110 ./Drivers/STM32L0xx_HAL_Driver/Src/stm32l0xx_hal.o
 .debug_aranges
                0x000003f8       0xc0 ./Drivers/STM32L0xx_HAL_Driver/Src/stm32l0xx_hal_cortex.o
 .debug_aranges
                0x000004b8       0x58 ./Drivers/STM32L0xx_HAL_Driver/Src/stm32l0xx_hal_gpio.o
 .debug_aranges
                0x00000510      0x2a0 ./Drivers/STM32L0xx_HAL_Driver/Src/stm32l0xx_hal_i2c.o
 .debug_aranges
                0x000007b0       0x48 ./Drivers/STM32L0xx_HAL_Driver/Src/stm32l0xx_hal_i2c_ex.o
 .debug_aranges
                0x000007f8       0xa0 ./Drivers/STM32L0xx_HAL_Driver/Src/stm32l0xx_hal_pwr.o
 .debug_aranges
                0x00000898       0x80 ./Drivers/STM32L0xx_HAL_Driver/Src/stm32l0xx_hal_rcc.o
 .debug_aranges
                0x00000918       0x58 ./Drivers/STM32L0xx_HAL_Driver/Src/stm32l0xx_hal_rcc_ex.o
 .debug_aranges
                0x00000970       0xe8 ./Drivers/STM32L0xx_HAL_Driver/Src/stm32l0xx_hal_rtc.o
 .debug_aranges
                0x00000a58      0x130 ./Drivers/STM32L0xx_HAL_Driver/Src/stm32l0xx_hal_rtc_ex.o
 .debug_aranges
                0x00000b88      0x1d0 ./Drivers/STM32L0xx_HAL_Driver/Src/stm32l0xx_hal_spi.o

.debug_rnglists
                0x00000000      0xa06
 .debug_rnglists
                0x00000000       0x69 ./Core/Src/CO2_probe.o
 .debug_rnglists
                0x00000069       0x83 ./Core/Src/Display_EPD_W21.o
 .debug_rnglists
                0x000000ec       0x25 ./Core/Src/Display_EPD_W21_spi.o
 .debug_rnglists
                0x00000111       0x3b ./Core/Src/main.o
 .debug_rnglists
                0x0000014c       0x39 ./Core/Src/stm32l0xx_hal_msp.o
 .debug_rnglists
                0x00000185       0x31 ./Core/Src/stm32l0xx_it.o
 .debug_rnglists
                0x000001b6       0x1a ./Core/Src/system_stm32l0xx.o
 .debug_rnglists
                0x000001d0       0x19 ./Core/Startup/startup_stm32l031f6px.o
 .debug_rnglists
                0x000001e9       0xc7 ./Drivers/STM32L0xx_HAL_Driver/Src/stm32l0xx_hal.o
 .debug_rnglists
                0x000002b0       0x8c ./Drivers/STM32L0xx_HAL_Driver/Src/stm32l0xx_hal_cortex.o
 .debug_rnglists
                0x0000033c       0x3f ./Drivers/STM32L0xx_HAL_Driver/Src/stm32l0xx_hal_gpio.o
 .debug_rnglists
                0x0000037b      0x229 ./Drivers/STM32L0xx_HAL_Driver/Src/stm32l0xx_hal_i2c.o
 .debug_rnglists
                0x000005a4       0x35 ./Drivers/STM32L0xx_HAL_Driver/Src/stm32l0xx_hal_i2c_ex.o
 .debug_rnglists
                0x000005d9       0x76 ./Drivers/STM32L0xx_HAL_Driver/Src/stm32l0xx_hal_pwr.o
 .debug_rnglists
                0x0000064f       0x61 ./Drivers/STM32L0xx_HAL_Driver/Src/stm32l0xx_hal_rcc.o
 .debug_rnglists
                0x000006b0       0x40 ./Drivers/STM32L0xx_HAL_Driver/Src/stm32l0xx_hal_rcc_ex.o
 .debug_rnglists
                0x000006f0       0xb5 ./Drivers/STM32L0xx_HAL_Driver/Src/stm32l0xx_hal_rtc.o
 .debug_rnglists
                0x000007a5       0xf0 ./Drivers/STM32L0xx_HAL_Driver/Src/stm32l0xx_hal_rtc_ex.o
 .debug_rnglists
                0x00000895      0x171 ./Drivers/STM32L0xx_HAL_Driver/Src/stm32l0xx_hal_spi.o

.debug_macro    0x00000000    0x121b3
 .debug_macro   0x00000000      0x2ed ./Core/Src/CO2_probe.o
 .debug_macro   0x000002ed      0xa8a ./Core/Src/CO2_probe.o
 .debug_macro   0x00000d77       0x22 ./Core/Src/CO2_probe.o
 .debug_macro   0x00000d99       0x8e ./Core/Src/CO2_probe.o
 .debug_macro   0x00000e27       0x51 ./Core/Src/CO2_probe.o
 .debug_macro   0x00000e78      0x103 ./Core/Src/CO2_probe.o
 .debug_macro   0x00000f7b       0x6a ./Core/Src/CO2_probe.o
 .debug_macro   0x00000fe5      0x1df ./Core/Src/CO2_probe.o
 .debug_macro   0x000011c4      0x125 ./Core/Src/CO2_probe.o
 .debug_macro   0x000012e9       0x2e ./Core/Src/CO2_probe.o
 .debug_macro   0x00001317       0x28 ./Core/Src/CO2_probe.o
 .debug_macro   0x0000133f       0x1c ./Core/Src/CO2_probe.o
 .debug_macro   0x0000135b       0x22 ./Core/Src/CO2_probe.o
 .debug_macro   0x0000137d       0xaf ./Core/Src/CO2_probe.o
 .debug_macro   0x0000142c      0x3ad ./Core/Src/CO2_probe.o
 .debug_macro   0x000017d9     0x7f07 ./Core/Src/CO2_probe.o
 .debug_macro   0x000096e0       0x66 ./Core/Src/CO2_probe.o
 .debug_macro   0x00009746     0x3590 ./Core/Src/CO2_probe.o
 .debug_macro   0x0000ccd6      0x189 ./Core/Src/CO2_probe.o
 .debug_macro   0x0000ce5f       0x5c ./Core/Src/CO2_probe.o
 .debug_macro   0x0000cebb      0x8b4 ./Core/Src/CO2_probe.o
 .debug_macro   0x0000d76f      0x474 ./Core/Src/CO2_probe.o
 .debug_macro   0x0000dbe3      0x189 ./Core/Src/CO2_probe.o
 .debug_macro   0x0000dd6c      0x13f ./Core/Src/CO2_probe.o
 .debug_macro   0x0000deab      0x10d ./Core/Src/CO2_probe.o
 .debug_macro   0x0000dfb8       0x82 ./Core/Src/CO2_probe.o
 .debug_macro   0x0000e03a      0x28e ./Core/Src/CO2_probe.o
 .debug_macro   0x0000e2c8       0x28 ./Core/Src/CO2_probe.o
 .debug_macro   0x0000e2f0      0x128 ./Core/Src/CO2_probe.o
 .debug_macro   0x0000e418      0x23b ./Core/Src/CO2_probe.o
 .debug_macro   0x0000e653      0x22c ./Core/Src/CO2_probe.o
 .debug_macro   0x0000e87f       0x5b ./Core/Src/CO2_probe.o
 .debug_macro   0x0000e8da       0xa5 ./Core/Src/CO2_probe.o
 .debug_macro   0x0000e97f      0x186 ./Core/Src/CO2_probe.o
 .debug_macro   0x0000eb05       0x16 ./Core/Src/CO2_probe.o
 .debug_macro   0x0000eb1b      0x321 ./Core/Src/CO2_probe.o
 .debug_macro   0x0000ee3c      0x420 ./Core/Src/CO2_probe.o
 .debug_macro   0x0000f25c       0xf2 ./Core/Src/CO2_probe.o
 .debug_macro   0x0000f34e      0x22c ./Core/Src/CO2_probe.o
 .debug_macro   0x0000f57a      0x12a ./Core/Src/CO2_probe.o
 .debug_macro   0x0000f6a4       0x1c ./Core/Src/CO2_probe.o
 .debug_macro   0x0000f6c0       0x61 ./Core/Src/CO2_probe.o
 .debug_macro   0x0000f721       0x24 ./Core/Src/CO2_probe.o
 .debug_macro   0x0000f745       0x43 ./Core/Src/CO2_probe.o
 .debug_macro   0x0000f788       0x34 ./Core/Src/CO2_probe.o
 .debug_macro   0x0000f7bc       0x16 ./Core/Src/CO2_probe.o
 .debug_macro   0x0000f7d2       0x43 ./Core/Src/CO2_probe.o
 .debug_macro   0x0000f815       0x34 ./Core/Src/CO2_probe.o
 .debug_macro   0x0000f849       0x10 ./Core/Src/CO2_probe.o
 .debug_macro   0x0000f859       0x58 ./Core/Src/CO2_probe.o
 .debug_macro   0x0000f8b1       0x8e ./Core/Src/CO2_probe.o
 .debug_macro   0x0000f93f       0x1c ./Core/Src/CO2_probe.o
 .debug_macro   0x0000f95b      0x177 ./Core/Src/CO2_probe.o
 .debug_macro   0x0000fad2      0x369 ./Core/Src/CO2_probe.o
 .debug_macro   0x0000fe3b       0x10 ./Core/Src/CO2_probe.o
 .debug_macro   0x0000fe4b       0x35 ./Core/Src/CO2_probe.o
 .debug_macro   0x0000fe80       0x20 ./Core/Src/CO2_probe.o
 .debug_macro   0x0000fea0       0x16 ./Core/Src/CO2_probe.o
 .debug_macro   0x0000feb6       0x16 ./Core/Src/CO2_probe.o
 .debug_macro   0x0000fecc       0x29 ./Core/Src/CO2_probe.o
 .debug_macro   0x0000fef5       0x6a ./Core/Src/CO2_probe.o
 .debug_macro   0x0000ff5f      0x1d7 ./Core/Src/Display_EPD_W21.o
 .debug_macro   0x00010136       0x2e ./Core/Src/Display_EPD_W21.o
 .debug_macro   0x00010164      0x1ce ./Core/Src/Display_EPD_W21_spi.o
 .debug_macro   0x00010332      0x2d1 ./Core/Src/main.o
 .debug_macro   0x00010603       0x16 ./Core/Src/main.o
 .debug_macro   0x00010619      0x1ce ./Core/Src/stm32l0xx_hal_msp.o
 .debug_macro   0x000107e7       0x64 ./Core/Src/stm32l0xx_hal_msp.o
 .debug_macro   0x0001084b      0x1d8 ./Core/Src/stm32l0xx_it.o
 .debug_macro   0x00010a23      0x1bf ./Core/Src/system_stm32l0xx.o
 .debug_macro   0x00010be2       0x6d ./Core/Src/Fonts/FontCO2.o
 .debug_macro   0x00010c4f       0x6d ./Core/Src/Fonts/FontINFO.o
 .debug_macro   0x00010cbc       0x6d ./Core/Src/Fonts/FontTIME.o
 .debug_macro   0x00010d29      0x1e3 ./Drivers/STM32L0xx_HAL_Driver/Src/stm32l0xx_hal.o
 .debug_macro   0x00010f0c      0x1bf ./Drivers/STM32L0xx_HAL_Driver/Src/stm32l0xx_hal_cortex.o
 .debug_macro   0x000110cb      0x1c6 ./Drivers/STM32L0xx_HAL_Driver/Src/stm32l0xx_hal_gpio.o
 .debug_macro   0x00011291      0x28b ./Drivers/STM32L0xx_HAL_Driver/Src/stm32l0xx_hal_i2c.o
 .debug_macro   0x0001151c      0x1bf ./Drivers/STM32L0xx_HAL_Driver/Src/stm32l0xx_hal_i2c_ex.o
 .debug_macro   0x000116db      0x1d7 ./Drivers/STM32L0xx_HAL_Driver/Src/stm32l0xx_hal_pwr.o
 .debug_macro   0x000118b2      0x1f5 ./Drivers/STM32L0xx_HAL_Driver/Src/stm32l0xx_hal_rcc.o
 .debug_macro   0x00011aa7      0x1bf ./Drivers/STM32L0xx_HAL_Driver/Src/stm32l0xx_hal_rcc_ex.o
 .debug_macro   0x00011c66      0x1c0 ./Drivers/STM32L0xx_HAL_Driver/Src/stm32l0xx_hal_rtc.o
 .debug_macro   0x00011e26      0x1bf ./Drivers/STM32L0xx_HAL_Driver/Src/stm32l0xx_hal_rtc_ex.o
 .debug_macro   0x00011fe5      0x1ce ./Drivers/STM32L0xx_HAL_Driver/Src/stm32l0xx_hal_spi.o

.debug_line     0x00000000    0x11f87
 .debug_line    0x00000000      0xe0b ./Core/Src/CO2_probe.o
 .debug_line    0x00000e0b      0xf9d ./Core/Src/Display_EPD_W21.o
 .debug_line    0x00001da8      0x7be ./Core/Src/Display_EPD_W21_spi.o
 .debug_line    0x00002566      0xb82 ./Core/Src/main.o
 .debug_line    0x000030e8      0x82f ./Core/Src/stm32l0xx_hal_msp.o
 .debug_line    0x00003917      0x7d6 ./Core/Src/stm32l0xx_it.o
 .debug_line    0x000040ed      0x80a ./Core/Src/system_stm32l0xx.o
 .debug_line    0x000048f7      0x41a ./Core/Src/Fonts/FontCO2.o
 .debug_line    0x00004d11      0x41b ./Core/Src/Fonts/FontINFO.o
 .debug_line    0x0000512c      0x41b ./Core/Src/Fonts/FontTIME.o
 .debug_line    0x00005547       0x7b ./Core/Startup/startup_stm32l031f6px.o
 .debug_line    0x000055c2      0xac1 ./Drivers/STM32L0xx_HAL_Driver/Src/stm32l0xx_hal.o
 .debug_line    0x00006083      0xa84 ./Drivers/STM32L0xx_HAL_Driver/Src/stm32l0xx_hal_cortex.o
 .debug_line    0x00006b07      0xb45 ./Drivers/STM32L0xx_HAL_Driver/Src/stm32l0xx_hal_gpio.o
 .debug_line    0x0000764c     0x388d ./Drivers/STM32L0xx_HAL_Driver/Src/stm32l0xx_hal_i2c.o
 .debug_line    0x0000aed9      0x977 ./Drivers/STM32L0xx_HAL_Driver/Src/stm32l0xx_hal_i2c_ex.o
 .debug_line    0x0000b850      0x99c ./Drivers/STM32L0xx_HAL_Driver/Src/stm32l0xx_hal_pwr.o
 .debug_line    0x0000c1ec      0xeec ./Drivers/STM32L0xx_HAL_Driver/Src/stm32l0xx_hal_rcc.o
 .debug_line    0x0000d0d8      0xab0 ./Drivers/STM32L0xx_HAL_Driver/Src/stm32l0xx_hal_rcc_ex.o
 .debug_line    0x0000db88     0x1131 ./Drivers/STM32L0xx_HAL_Driver/Src/stm32l0xx_hal_rtc.o
 .debug_line    0x0000ecb9     0x15cb ./Drivers/STM32L0xx_HAL_Driver/Src/stm32l0xx_hal_rtc_ex.o
 .debug_line    0x00010284     0x1d03 ./Drivers/STM32L0xx_HAL_Driver/Src/stm32l0xx_hal_spi.o

.debug_str      0x00000000    0x6af54
 .debug_str     0x00000000    0x67628 ./Core/Src/CO2_probe.o
                              0x679e0 (size before relaxing)
 .debug_str     0x00067628      0x3e7 ./Core/Src/Display_EPD_W21.o
                              0x642d5 (size before relaxing)
 .debug_str     0x00067a0f      0x1f5 ./Core/Src/Display_EPD_W21_spi.o
                              0x644bb (size before relaxing)
 .debug_str     0x00067c04      0x64e ./Core/Src/main.o
                              0x6801d (size before relaxing)
 .debug_str     0x00068252      0x1ec ./Core/Src/stm32l0xx_hal_msp.o
                              0x64adc (size before relaxing)
 .debug_str     0x0006843e       0xb1 ./Core/Src/stm32l0xx_it.o
                              0x641d0 (size before relaxing)
 .debug_str     0x000684ef       0x99 ./Core/Src/system_stm32l0xx.o
                              0x63f21 (size before relaxing)
 .debug_str     0x00068588       0x2a ./Core/Src/Fonts/FontCO2.o
                               0x3c83 (size before relaxing)
 .debug_str     0x000685b2       0x2c ./Core/Src/Fonts/FontINFO.o
                               0x3c86 (size before relaxing)
 .debug_str     0x000685de       0x2c ./Core/Src/Fonts/FontTIME.o
                               0x3c86 (size before relaxing)
 .debug_str     0x0006860a       0x44 ./Core/Startup/startup_stm32l031f6px.o
                                 0x77 (size before relaxing)
 .debug_str     0x0006864e      0x450 ./Drivers/STM32L0xx_HAL_Driver/Src/stm32l0xx_hal.o
                              0x645c8 (size before relaxing)
 .debug_str     0x00068a9e      0x1b0 ./Drivers/STM32L0xx_HAL_Driver/Src/stm32l0xx_hal_cortex.o
                              0x6421d (size before relaxing)
 .debug_str     0x00068c4e       0xed ./Drivers/STM32L0xx_HAL_Driver/Src/stm32l0xx_hal_gpio.o
                              0x640c1 (size before relaxing)
 .debug_str     0x00068d3b      0xda5 ./Drivers/STM32L0xx_HAL_Driver/Src/stm32l0xx_hal_i2c.o
                              0x6522f (size before relaxing)
 .debug_str     0x00069ae0       0xb8 ./Drivers/STM32L0xx_HAL_Driver/Src/stm32l0xx_hal_i2c_ex.o
                              0x644af (size before relaxing)
 .debug_str     0x00069b98      0x261 ./Drivers/STM32L0xx_HAL_Driver/Src/stm32l0xx_hal_pwr.o
                              0x641ac (size before relaxing)
 .debug_str     0x00069df9      0x2ac ./Drivers/STM32L0xx_HAL_Driver/Src/stm32l0xx_hal_rcc.o
                              0x64422 (size before relaxing)
 .debug_str     0x0006a0a5      0x120 ./Drivers/STM32L0xx_HAL_Driver/Src/stm32l0xx_hal_rcc_ex.o
                              0x64125 (size before relaxing)
 .debug_str     0x0006a1c5      0x33e ./Drivers/STM32L0xx_HAL_Driver/Src/stm32l0xx_hal_rtc.o
                              0x643d7 (size before relaxing)
 .debug_str     0x0006a503      0x509 ./Drivers/STM32L0xx_HAL_Driver/Src/stm32l0xx_hal_rtc_ex.o
                              0x646b6 (size before relaxing)
 .debug_str     0x0006aa0c      0x548 ./Drivers/STM32L0xx_HAL_Driver/Src/stm32l0xx_hal_spi.o
                              0x64810 (size before relaxing)

.comment        0x00000000       0x43
 .comment       0x00000000       0x43 ./Core/Src/CO2_probe.o
                                 0x44 (size before relaxing)
 .comment       0x00000043       0x44 ./Core/Src/Display_EPD_W21.o
 .comment       0x00000043       0x44 ./Core/Src/Display_EPD_W21_spi.o
 .comment       0x00000043       0x44 ./Core/Src/main.o
 .comment       0x00000043       0x44 ./Core/Src/stm32l0xx_hal_msp.o
 .comment       0x00000043       0x44 ./Core/Src/stm32l0xx_it.o
 .comment       0x00000043       0x44 ./Core/Src/system_stm32l0xx.o
 .comment       0x00000043       0x44 ./Core/Src/Fonts/FontCO2.o
 .comment       0x00000043       0x44 ./Core/Src/Fonts/FontINFO.o
 .comment       0x00000043       0x44 ./Core/Src/Fonts/FontTIME.o
 .comment       0x00000043       0x44 ./Drivers/STM32L0xx_HAL_Driver/Src/stm32l0xx_hal.o
 .comment       0x00000043       0x44 ./Drivers/STM32L0xx_HAL_Driver/Src/stm32l0xx_hal_cortex.o
 .comment       0x00000043       0x44 ./Drivers/STM32L0xx_HAL_Driver/Src/stm32l0xx_hal_gpio.o
 .comment       0x00000043       0x44 ./Drivers/STM32L0xx_HAL_Driver/Src/stm32l0xx_hal_i2c.o
 .comment       0x00000043       0x44 ./Drivers/STM32L0xx_HAL_Driver/Src/stm32l0xx_hal_i2c_ex.o
 .comment       0x00000043       0x44 ./Drivers/STM32L0xx_HAL_Driver/Src/stm32l0xx_hal_pwr.o
 .comment       0x00000043       0x44 ./Drivers/STM32L0xx_HAL_Driver/Src/stm32l0xx_hal_rcc.o
 .comment       0x00000043       0x44 ./Drivers/STM32L0xx_HAL_Driver/Src/stm32l0xx_hal_rcc_ex.o
 .comment       0x00000043       0x44 ./Drivers/STM32L0xx_HAL_Driver/Src/stm32l0xx_hal_rtc.o
 .comment       0x00000043       0x44 ./Drivers/STM32L0xx_HAL_Driver/Src/stm32l0xx_hal_rtc_ex.o
 .comment       0x00000043       0x44 ./Drivers/STM32L0xx_HAL_Driver/Src/stm32l0xx_hal_spi.o

.debug_frame    0x00000000     0x2f8c
 .debug_frame   0x00000000      0x210 ./Core/Src/CO2_probe.o
 .debug_frame   0x00000210      0x238 ./Core/Src/Display_EPD_W21.o
 .debug_frame   0x00000448       0x90 ./Core/Src/Display_EPD_W21_spi.o
 .debug_frame   0x000004d8       0xe8 ./Core/Src/main.o
 .debug_frame   0x000005c0       0xec ./Core/Src/stm32l0xx_hal_msp.o
 .debug_frame   0x000006ac       0xb8 ./Core/Src/stm32l0xx_it.o
 .debug_frame   0x00000764       0x4c ./Core/Src/system_stm32l0xx.o
 .debug_frame   0x000007b0      0x394 ./Drivers/STM32L0xx_HAL_Driver/Src/stm32l0xx_hal.o
 .debug_frame   0x00000b44      0x2a0 ./Drivers/STM32L0xx_HAL_Driver/Src/stm32l0xx_hal_cortex.o
 .debug_frame   0x00000de4      0x110 ./Drivers/STM32L0xx_HAL_Driver/Src/stm32l0xx_hal_gpio.o
 .debug_frame   0x00000ef4      0xa64 ./Drivers/STM32L0xx_HAL_Driver/Src/stm32l0xx_hal_i2c.o
 .debug_frame   0x00001958       0xd0 ./Drivers/STM32L0xx_HAL_Driver/Src/stm32l0xx_hal_i2c_ex.o
 .debug_frame   0x00001a28      0x200 ./Drivers/STM32L0xx_HAL_Driver/Src/stm32l0xx_hal_pwr.o
 .debug_frame   0x00001c28      0x1a8 ./Drivers/STM32L0xx_HAL_Driver/Src/stm32l0xx_hal_rcc.o
 .debug_frame   0x00001dd0       0xfc ./Drivers/STM32L0xx_HAL_Driver/Src/stm32l0xx_hal_rcc_ex.o
 .debug_frame   0x00001ecc      0x360 ./Drivers/STM32L0xx_HAL_Driver/Src/stm32l0xx_hal_rtc.o
 .debug_frame   0x0000222c      0x478 ./Drivers/STM32L0xx_HAL_Driver/Src/stm32l0xx_hal_rtc_ex.o
 .debug_frame   0x000026a4      0x6f0 ./Drivers/STM32L0xx_HAL_Driver/Src/stm32l0xx_hal_spi.o
 .debug_frame   0x00002d94       0x20 C:/ST/STM32CubeIDE_1.15.1/STM32CubeIDE/plugins/com.st.stm32cube.ide.mcu.externaltools.gnu-tools-for-stm32.12.3.rel1.win32_1.0.100.202403111256/tools/bin/../lib/gcc/arm-none-eabi/12.3.1/../../../../arm-none-eabi/lib/thumb/v6-m/nofp\libc_nano.a(libc_a-memset.o)
 .debug_frame   0x00002db4       0x2c C:/ST/STM32CubeIDE_1.15.1/STM32CubeIDE/plugins/com.st.stm32cube.ide.mcu.externaltools.gnu-tools-for-stm32.12.3.rel1.win32_1.0.100.202403111256/tools/bin/../lib/gcc/arm-none-eabi/12.3.1/../../../../arm-none-eabi/lib/thumb/v6-m/nofp\libc_nano.a(libc_a-init.o)
 .debug_frame   0x00002de0       0x28 C:/ST/STM32CubeIDE_1.15.1/STM32CubeIDE/plugins/com.st.stm32cube.ide.mcu.externaltools.gnu-tools-for-stm32.12.3.rel1.win32_1.0.100.202403111256/tools/bin/../lib/gcc/arm-none-eabi/12.3.1/../../../../arm-none-eabi/lib/thumb/v6-m/nofp\libc_nano.a(libc_a-memcpy-stub.o)
 .debug_frame   0x00002e08       0x20 C:/ST/STM32CubeIDE_1.15.1/STM32CubeIDE/plugins/com.st.stm32cube.ide.mcu.externaltools.gnu-tools-for-stm32.12.3.rel1.win32_1.0.100.202403111256/tools/bin/../lib/gcc/arm-none-eabi/12.3.1/thumb/v6-m/nofp\libgcc.a(_udivsi3.o)
 .debug_frame   0x00002e28       0x34 C:/ST/STM32CubeIDE_1.15.1/STM32CubeIDE/plugins/com.st.stm32cube.ide.mcu.externaltools.gnu-tools-for-stm32.12.3.rel1.win32_1.0.100.202403111256/tools/bin/../lib/gcc/arm-none-eabi/12.3.1/thumb/v6-m/nofp\libgcc.a(_muldi3.o)
 .debug_frame   0x00002e5c       0x3c C:/ST/STM32CubeIDE_1.15.1/STM32CubeIDE/plugins/com.st.stm32cube.ide.mcu.externaltools.gnu-tools-for-stm32.12.3.rel1.win32_1.0.100.202403111256/tools/bin/../lib/gcc/arm-none-eabi/12.3.1/thumb/v6-m/nofp\libgcc.a(_udivmoddi4.o)
 .debug_frame   0x00002e98       0x38 C:/ST/STM32CubeIDE_1.15.1/STM32CubeIDE/plugins/com.st.stm32cube.ide.mcu.externaltools.gnu-tools-for-stm32.12.3.rel1.win32_1.0.100.202403111256/tools/bin/../lib/gcc/arm-none-eabi/12.3.1/thumb/v6-m/nofp\libgcc.a(divsf3.o)
 .debug_frame   0x00002ed0       0x38 C:/ST/STM32CubeIDE_1.15.1/STM32CubeIDE/plugins/com.st.stm32cube.ide.mcu.externaltools.gnu-tools-for-stm32.12.3.rel1.win32_1.0.100.202403111256/tools/bin/../lib/gcc/arm-none-eabi/12.3.1/thumb/v6-m/nofp\libgcc.a(mulsf3.o)
 .debug_frame   0x00002f08       0x38 C:/ST/STM32CubeIDE_1.15.1/STM32CubeIDE/plugins/com.st.stm32cube.ide.mcu.externaltools.gnu-tools-for-stm32.12.3.rel1.win32_1.0.100.202403111256/tools/bin/../lib/gcc/arm-none-eabi/12.3.1/thumb/v6-m/nofp\libgcc.a(subsf3.o)
 .debug_frame   0x00002f40       0x20 C:/ST/STM32CubeIDE_1.15.1/STM32CubeIDE/plugins/com.st.stm32cube.ide.mcu.externaltools.gnu-tools-for-stm32.12.3.rel1.win32_1.0.100.202403111256/tools/bin/../lib/gcc/arm-none-eabi/12.3.1/thumb/v6-m/nofp\libgcc.a(fixsfsi.o)
 .debug_frame   0x00002f60       0x2c C:/ST/STM32CubeIDE_1.15.1/STM32CubeIDE/plugins/com.st.stm32cube.ide.mcu.externaltools.gnu-tools-for-stm32.12.3.rel1.win32_1.0.100.202403111256/tools/bin/../lib/gcc/arm-none-eabi/12.3.1/thumb/v6-m/nofp\libgcc.a(floatsisf.o)

.debug_line_str
                0x00000000       0x5b
 .debug_line_str
                0x00000000       0x5b ./Core/Startup/startup_stm32l031f6px.o
