Archive member included to satisfy reference by file (symbol)

C:/ST/STM32CubeIDE_1.15.1/STM32CubeIDE/plugins/com.st.stm32cube.ide.mcu.externaltools.gnu-tools-for-stm32.12.3.rel1.win32_1.0.100.202403111256/tools/bin/../lib/gcc/arm-none-eabi/12.3.1/../../../../arm-none-eabi/lib/thumb/v6-m/nofp\libc_nano.a(libc_a-exit.o)
                              C:/ST/STM32CubeIDE_1.15.1/STM32CubeIDE/plugins/com.st.stm32cube.ide.mcu.externaltools.gnu-tools-for-stm32.12.3.rel1.win32_1.0.100.202403111256/tools/bin/../lib/gcc/arm-none-eabi/12.3.1/../../../../arm-none-eabi/lib/thumb/v6-m/nofp/crt0.o (exit)
C:/ST/STM32CubeIDE_1.15.1/STM32CubeIDE/plugins/com.st.stm32cube.ide.mcu.externaltools.gnu-tools-for-stm32.12.3.rel1.win32_1.0.100.202403111256/tools/bin/../lib/gcc/arm-none-eabi/12.3.1/../../../../arm-none-eabi/lib/thumb/v6-m/nofp\libc_nano.a(libc_a-findfp.o)
                              C:/ST/STM32CubeIDE_1.15.1/STM32CubeIDE/plugins/com.st.stm32cube.ide.mcu.externaltools.gnu-tools-for-stm32.12.3.rel1.win32_1.0.100.202403111256/tools/bin/../lib/gcc/arm-none-eabi/12.3.1/../../../../arm-none-eabi/lib/thumb/v6-m/nofp\libc_nano.a(libc_a-exit.o) (__stdio_exit_handler)
C:/ST/STM32CubeIDE_1.15.1/STM32CubeIDE/plugins/com.st.stm32cube.ide.mcu.externaltools.gnu-tools-for-stm32.12.3.rel1.win32_1.0.100.202403111256/tools/bin/../lib/gcc/arm-none-eabi/12.3.1/../../../../arm-none-eabi/lib/thumb/v6-m/nofp\libc_nano.a(libc_a-fwalk.o)
                              C:/ST/STM32CubeIDE_1.15.1/STM32CubeIDE/plugins/com.st.stm32cube.ide.mcu.externaltools.gnu-tools-for-stm32.12.3.rel1.win32_1.0.100.202403111256/tools/bin/../lib/gcc/arm-none-eabi/12.3.1/../../../../arm-none-eabi/lib/thumb/v6-m/nofp\libc_nano.a(libc_a-findfp.o) (_fwalk_sglue)
C:/ST/STM32CubeIDE_1.15.1/STM32CubeIDE/plugins/com.st.stm32cube.ide.mcu.externaltools.gnu-tools-for-stm32.12.3.rel1.win32_1.0.100.202403111256/tools/bin/../lib/gcc/arm-none-eabi/12.3.1/../../../../arm-none-eabi/lib/thumb/v6-m/nofp\libc_nano.a(libc_a-stdio.o)
                              C:/ST/STM32CubeIDE_1.15.1/STM32CubeIDE/plugins/com.st.stm32cube.ide.mcu.externaltools.gnu-tools-for-stm32.12.3.rel1.win32_1.0.100.202403111256/tools/bin/../lib/gcc/arm-none-eabi/12.3.1/../../../../arm-none-eabi/lib/thumb/v6-m/nofp\libc_nano.a(libc_a-findfp.o) (__sread)
C:/ST/STM32CubeIDE_1.15.1/STM32CubeIDE/plugins/com.st.stm32cube.ide.mcu.externaltools.gnu-tools-for-stm32.12.3.rel1.win32_1.0.100.202403111256/tools/bin/../lib/gcc/arm-none-eabi/12.3.1/../../../../arm-none-eabi/lib/thumb/v6-m/nofp\libc_nano.a(libc_a-memset.o)
                              C:/ST/STM32CubeIDE_1.15.1/STM32CubeIDE/plugins/com.st.stm32cube.ide.mcu.externaltools.gnu-tools-for-stm32.12.3.rel1.win32_1.0.100.202403111256/tools/bin/../lib/gcc/arm-none-eabi/12.3.1/../../../../arm-none-eabi/lib/thumb/v6-m/nofp/crt0.o (memset)
C:/ST/STM32CubeIDE_1.15.1/STM32CubeIDE/plugins/com.st.stm32cube.ide.mcu.externaltools.gnu-tools-for-stm32.12.3.rel1.win32_1.0.100.202403111256/tools/bin/../lib/gcc/arm-none-eabi/12.3.1/../../../../arm-none-eabi/lib/thumb/v6-m/nofp\libc_nano.a(libc_a-closer.o)
                              C:/ST/STM32CubeIDE_1.15.1/STM32CubeIDE/plugins/com.st.stm32cube.ide.mcu.externaltools.gnu-tools-for-stm32.12.3.rel1.win32_1.0.100.202403111256/tools/bin/../lib/gcc/arm-none-eabi/12.3.1/../../../../arm-none-eabi/lib/thumb/v6-m/nofp\libc_nano.a(libc_a-stdio.o) (_close_r)
C:/ST/STM32CubeIDE_1.15.1/STM32CubeIDE/plugins/com.st.stm32cube.ide.mcu.externaltools.gnu-tools-for-stm32.12.3.rel1.win32_1.0.100.202403111256/tools/bin/../lib/gcc/arm-none-eabi/12.3.1/../../../../arm-none-eabi/lib/thumb/v6-m/nofp\libc_nano.a(libc_a-reent.o)
                              C:/ST/STM32CubeIDE_1.15.1/STM32CubeIDE/plugins/com.st.stm32cube.ide.mcu.externaltools.gnu-tools-for-stm32.12.3.rel1.win32_1.0.100.202403111256/tools/bin/../lib/gcc/arm-none-eabi/12.3.1/../../../../arm-none-eabi/lib/thumb/v6-m/nofp\libc_nano.a(libc_a-closer.o) (errno)
C:/ST/STM32CubeIDE_1.15.1/STM32CubeIDE/plugins/com.st.stm32cube.ide.mcu.externaltools.gnu-tools-for-stm32.12.3.rel1.win32_1.0.100.202403111256/tools/bin/../lib/gcc/arm-none-eabi/12.3.1/../../../../arm-none-eabi/lib/thumb/v6-m/nofp\libc_nano.a(libc_a-impure.o)
                              C:/ST/STM32CubeIDE_1.15.1/STM32CubeIDE/plugins/com.st.stm32cube.ide.mcu.externaltools.gnu-tools-for-stm32.12.3.rel1.win32_1.0.100.202403111256/tools/bin/../lib/gcc/arm-none-eabi/12.3.1/../../../../arm-none-eabi/lib/thumb/v6-m/nofp\libc_nano.a(libc_a-reent.o) (_impure_ptr)
C:/ST/STM32CubeIDE_1.15.1/STM32CubeIDE/plugins/com.st.stm32cube.ide.mcu.externaltools.gnu-tools-for-stm32.12.3.rel1.win32_1.0.100.202403111256/tools/bin/../lib/gcc/arm-none-eabi/12.3.1/../../../../arm-none-eabi/lib/thumb/v6-m/nofp\libc_nano.a(libc_a-lseekr.o)
[...]
Memory Configuration

Name             Origin             Length             Attributes
RAM              0x20000000         0x00002000         xrw
FLASH            0x08000000         0x00008000         xr
*default*        0x00000000         0xffffffff

Linker script and memory map

LOAD C:/ST/STM32CubeIDE_1.15.1/STM32CubeIDE/plugins/com.st.stm32cube.ide.mcu.externaltools.gnu-tools-for-stm32.12.3.rel1.win32_1.0.100.202403111256/tools/bin/../lib/gcc/arm-none-eabi/12.3.1/thumb/v6-m/nofp/crti.o
LOAD C:/ST/STM32CubeIDE_1.15.1/STM32CubeIDE/plugins/com.st.stm32cube.ide.mcu.externaltools.gnu-tools-for-stm32.12.3.rel1.win32_1.0.100.202403111256/tools/bin/../lib/gcc/arm-none-eabi/12.3.1/thumb/v6-m/nofp/crtbegin.o
LOAD C:/ST/STM32CubeIDE_1.15.1/STM32CubeIDE/plugins/com.st.stm32cube.ide.mcu.externaltools.gnu-tools-for-stm32.12.3.rel1.win32_1.0.100.202403111256/tools/bin/../lib/gcc/arm-none-eabi/12.3.1/../../../../arm-none-eabi/lib/thumb/v6-m/nofp/crt0.o
LOAD ./Core/Src/CO2_probe.o
LOAD ./Core/Src/Display_EPD_W21.o
LOAD ./Core/Src/Display_EPD_W21_spi.o
LOAD ./Core/Src/main.o
LOAD ./Core/Src/stm32l0xx_hal_msp.o
LOAD ./Core/Src/stm32l0xx_it.o
LOAD ./Core/Src/syscalls.o
LOAD ./Core/Src/sysmem.o
LOAD ./Core/Src/system_stm32l0xx.o
LOAD ./Core/Src/Fonts/FontCO2.o
LOAD ./Core/Src/Fonts/FontINFO.o
LOAD ./Core/Src/Fonts/FontTIME.o
LOAD ./Core/Startup/startup_stm32l031f6px.o
LOAD ./Drivers/STM32L0xx_HAL_Driver/Src/stm32l0xx_hal.o
LOAD ./Drivers/STM32L0xx_HAL_Driver/Src/stm32l0xx_hal_adc.o
LOAD ./Drivers/STM32L0xx_HAL_Driver/Src/stm32l0xx_hal_adc_ex.o
LOAD ./Drivers/STM32L0xx_HAL_Driver/Src/stm32l0xx_hal_cortex.o
LOAD ./Drivers/STM32L0xx_HAL_Driver/Src/stm32l0xx_hal_dma.o
LOAD ./Drivers/STM32L0xx_HAL_Driver/Src/stm32l0xx_hal_exti.o
LOAD ./Drivers/STM32L0xx_HAL_Driver/Src/stm32l0xx_hal_flash.o
LOAD ./Drivers/STM32L0xx_HAL_Driver/Src/stm32l0xx_hal_flash_ex.o
LOAD ./Drivers/STM32L0xx_HAL_Driver/Src/stm32l0xx_hal_flash_ramfunc.o
LOAD ./Drivers/STM32L0xx_HAL_Driver/Src/stm32l0xx_hal_gpio.o
LOAD ./Drivers/STM32L0xx_HAL_Driver/Src/stm32l0xx_hal_i2c.o
LOAD ./Drivers/STM32L0xx_HAL_Driver/Src/stm32l0xx_hal_i2c_ex.o
LOAD ./Drivers/STM32L0xx_HAL_Driver/Src/stm32l0xx_hal_pwr.o
LOAD ./Drivers/STM32L0xx_HAL_Driver/Src/stm32l0xx_hal_pwr_ex.o
LOAD ./Drivers/STM32L0xx_HAL_Driver/Src/stm32l0xx_hal_rcc.o
LOAD ./Drivers/STM32L0xx_HAL_Driver/Src/stm32l0xx_hal_rcc_ex.o
LOAD ./Drivers/STM32L0xx_HAL_Driver/Src/stm32l0xx_hal_rtc.o
LOAD ./Drivers/STM32L0xx_HAL_Driver/Src/stm32l0xx_hal_rtc_ex.o
LOAD ./Drivers/STM32L0xx_HAL_Driver/Src/stm32l0xx_hal_spi.o
LOAD ./Drivers/STM32L0xx_HAL_Driver/Src/stm32l0xx_hal_tim.o
LOAD ./Drivers/STM32L0xx_HAL_Driver/Src/stm32l0xx_hal_tim_ex.o
START GROUP
LOAD C:/ST/STM32CubeIDE_1.15.1/STM32CubeIDE/plugins/com.st.stm32cube.ide.mcu.externaltools.gnu-tools-for-stm32.12.3.rel1.win32_1.0.100.202403111256/tools/bin/../lib/gcc/arm-none-eabi/12.3.1/../../../../arm-none-eabi/lib/thumb/v6-m/nofp\libc_nano.a
LOAD C:/ST/STM32CubeIDE_1.15.1/STM32CubeIDE/plugins/com.st.stm32cube.ide.mcu.externaltools.gnu-tools-for-stm32.12.3.rel1.win32_1.0.100.202403111256/tools/bin/../lib/gcc/arm-none-eabi/12.3.1/../../../../arm-none-eabi/lib/thumb/v6-m/nofp\libm.a
END GROUP
START GROUP
LOAD C:/ST/STM32CubeIDE_1.15.1/STM32CubeIDE/plugins/com.st.stm32cube.ide.mcu.externaltools.gnu-tools-for-stm32.12.3.rel1.win32_1.0.100.202403111256/tools/bin/../lib/gcc/arm-none-eabi/12.3.1/thumb/v6-m/nofp\libgcc.a
LOAD C:/ST/STM32CubeIDE_1.15.1/STM32CubeIDE/plugins/com.st.stm32cube.ide.mcu.externaltools.gnu-tools-for-stm32.12.3.rel1.win32_1.0.100.202403111256/tools/bin/../lib/gcc/arm-none-eabi/12.3.1/../../../../arm-none-eabi/lib/thumb/v6-m/nofp\libc_nano.a
END GROUP
START GROUP
LOAD C:/ST/STM32CubeIDE_1.15.1/STM32CubeIDE/plugins/com.st.stm32cube.ide.mcu.externaltools.gnu-tools-for-stm32.12.3.rel1.win32_1.0.100.202403111256/tools/bin/../lib/gcc/arm-none-eabi/12.3.1/thumb/v6-m/nofp\libgcc.a
LOAD C:/ST/STM32CubeIDE_1.15.1/STM32CubeIDE/plugins/com.st.stm32cube.ide.mcu.externaltools.gnu-tools-for-stm32.12.3.rel1.win32_1.0.100.202403111256/tools/bin/../lib/gcc/arm-none-eabi/12.3.1/../../../../arm-none-eabi/lib/thumb/v6-m/nofp\libc_nano.a
LOAD C:/ST/STM32CubeIDE_1.15.1/STM32CubeIDE/plugins/com.st.stm32cube.ide.mcu.externaltools.gnu-tools-for-stm32.12.3.rel1.win32_1.0.100.202403111256/tools/bin/../lib/gcc/arm-none-eabi/12.3.1/../../../../arm-none-eabi/lib/thumb/v6-m/nofp\libnosys.a
END GROUP
START GROUP
LOAD C:/ST/STM32CubeIDE_1.15.1/STM32CubeIDE/plugins/com.st.stm32cube.ide.mcu.externaltools.gnu-tools-for-stm32.12.3.rel1.win32_1.0.100.202403111256/tools/bin/../lib/gcc/arm-none-eabi/12.3.1/thumb/v6-m/nofp\libgcc.a
LOAD C:/ST/STM32CubeIDE_1.15.1/STM32CubeIDE/plugins/com.st.stm32cube.ide.mcu.externaltools.gnu-tools-for-stm32.12.3.rel1.win32_1.0.100.202403111256/tools/bin/../lib/gcc/arm-none-eabi/12.3.1/../../../../arm-none-eabi/lib/thumb/v6-m/nofp\libc_nano.a
LOAD C:/ST/STM32CubeIDE_1.15.1/STM32CubeIDE/plugins/com.st.stm32cube.ide.mcu.externaltools.gnu-tools-for-stm32.12.3.rel1.win32_1.0.100.202403111256/tools/bin/../lib/gcc/arm-none-eabi/12.3.1/../../../../arm-none-eabi/lib/thumb/v6-m/nofp\libnosys.a
END GROUP
LOAD C:/ST/STM32CubeIDE_1.15.1/STM32CubeIDE/plugins/com.st.stm32cube.ide.mcu.externaltools.gnu-tools-for-stm32.12.3.rel1.win32_1.0.100.202403111256/tools/bin/../lib/gcc/arm-none-eabi/12.3.1/thumb/v6-m/nofp/crtend.o
LOAD C:/ST/STM32CubeIDE_1.15.1/STM32CubeIDE/plugins/com.st.stm32cube.ide.mcu.externaltools.gnu-tools-for-stm32.12.3.rel1.win32_1.0.100.202403111256/tools/bin/../lib/gcc/arm-none-eabi/12.3.1/thumb/v6-m/nofp/crtn.o
                0x20002000                        _estack = (ORIGIN (RAM) + LENGTH (RAM))
                0x00000200                        _Min_Heap_Size = 0x200
                0x00000400                        _Min_Stack_Size = 0x400

.isr_vector     0x08000000       0xc0
                0x08000000                        . = ALIGN (0x4)
 *(.isr_vector)
 .isr_vector    0x08000000       0xc0 ./Core/Startup/startup_stm32l031f6px.o
                0x08000000                g_pfnVectors
                0x080000c0                        . = ALIGN (0x4)

.text           0x080000c0     0x57dc
                0x080000c0                        . = ALIGN (0x4)
 *(.text)
 .text          0x080000c0       0x48 C:/ST/STM32CubeIDE_1.15.1/STM32CubeIDE/plugins/com.st.stm32cube.ide.mcu.externaltools.gnu-tools-for-stm32.12.3.rel1.win32_1.0.100.202403111256/tools/bin/../lib/gcc/arm-none-eabi/12.3.1/thumb/v6-m/nofp/crtbegin.o
 .text          0x08000108      0x114 C:/ST/STM32CubeIDE_1.15.1/STM32CubeIDE/plugins/com.st.stm32cube.ide.mcu.externaltools.gnu-tools-for-stm32.12.3.rel1.win32_1.0.100.202403111256/tools/bin/../lib/gcc/arm-none-eabi/12.3.1/thumb/v6-m/nofp\libgcc.a(_udivsi3.o)
                0x08000108                __aeabi_uidiv
                0x08000108                __udivsi3
                0x08000214                __aeabi_uidivmod
 .text          0x0800021c        0x4 C:/ST/STM32CubeIDE_1.15.1/STM32CubeIDE/plugins/com.st.stm32cube.ide.mcu.externaltools.gnu-tools-for-stm32.12.3.rel1.win32_1.0.100.202403111256/tools/bin/../lib/gcc/arm-none-eabi/12.3.1/thumb/v6-m/nofp\libgcc.a(_dvmd_tls.o)
                0x0800021c                __aeabi_idiv0
                0x0800021c                __aeabi_ldiv0
 .text          0x08000220       0x40 C:/ST/STM32CubeIDE_1.15.1/STM32CubeIDE/plugins/com.st.stm32cube.ide.mcu.externaltools.gnu-tools-for-stm32.12.3.rel1.win32_1.0.100.202403111256/tools/bin/../lib/gcc/arm-none-eabi/12.3.1/thumb/v6-m/nofp\libgcc.a(_aeabi_uldivmod.o)
                0x08000220                __aeabi_uldivmod
 .text          0x08000260       0x5c C:/ST/STM32CubeIDE_1.15.1/STM32CubeIDE/plugins/com.st.stm32cube.ide.mcu.externaltools.gnu-tools-for-stm32.12.3.rel1.win32_1.0.100.202403111256/tools/bin/../lib/gcc/arm-none-eabi/12.3.1/thumb/v6-m/nofp\libgcc.a(_muldi3.o)
                0x08000260                __muldi3
                0x08000260                __aeabi_lmul
 .text          0x080002bc      0x198 C:/ST/STM32CubeIDE_1.15.1/STM32CubeIDE/plugins/com.st.stm32cube.ide.mcu.externaltools.gnu-tools-for-stm32.12.3.rel1.win32_1.0.100.202403111256/tools/bin/../lib/gcc/arm-none-eabi/12.3.1/thumb/v6-m/nofp\libgcc.a(_udivmoddi4.o)
                0x080002bc                __udivmoddi4
 .text          0x08000454      0x240 C:/ST/STM32CubeIDE_1.15.1/STM32CubeIDE/plugins/com.st.stm32cube.ide.mcu.externaltools.gnu-tools-for-stm32.12.3.rel1.win32_1.0.100.202403111256/tools/bin/../lib/gcc/arm-none-eabi/12.3.1/thumb/v6-m/nofp\libgcc.a(divsf3.o)
                0x08000454                __aeabi_fdiv
 .text          0x08000694      0x27c C:/ST/STM32CubeIDE_1.15.1/STM32CubeIDE/plugins/com.st.stm32cube.ide.mcu.externaltools.gnu-tools-for-stm32.12.3.rel1.win32_1.0.100.202403111256/tools/bin/../lib/gcc/arm-none-eabi/12.3.1/thumb/v6-m/nofp\libgcc.a(mulsf3.o)
                0x08000694                __aeabi_fmul
 .text          0x08000910      0x348 C:/ST/STM32CubeIDE_1.15.1/STM32CubeIDE/plugins/com.st.stm32cube.ide.mcu.externaltools.gnu-tools-for-stm32.12.3.rel1.win32_1.0.100.202403111256/tools/bin/../lib/gcc/arm-none-eabi/12.3.1/thumb/v6-m/nofp\libgcc.a(subsf3.o)
                0x08000910                __aeabi_fsub
 .text          0x08000c58       0x40 C:/ST/STM32CubeIDE_1.15.1/STM32CubeIDE/plugins/com.st.stm32cube.ide.mcu.externaltools.gnu-tools-for-stm32.12.3.rel1.win32_1.0.100.202403111256/tools/bin/../lib/gcc/arm-none-eabi/12.3.1/thumb/v6-m/nofp\libgcc.a(fixsfsi.o)
                0x08000c58                __aeabi_f2iz
 .text          0x08000c98       0x98 C:/ST/STM32CubeIDE_1.15.1/STM32CubeIDE/plugins/com.st.stm32cube.ide.mcu.externaltools.gnu-tools-for-stm32.12.3.rel1.win32_1.0.100.202403111256/tools/bin/../lib/gcc/arm-none-eabi/12.3.1/thumb/v6-m/nofp\libgcc.a(floatsisf.o)
                0x08000c98                __aeabi_i2f
 .text          0x08000d30       0x3c C:/ST/STM32CubeIDE_1.15.1/STM32CubeIDE/plugins/com.st.stm32cube.ide.mcu.externaltools.gnu-tools-for-stm32.12.3.rel1.win32_1.0.100.202403111256/tools/bin/../lib/gcc/arm-none-eabi/12.3.1/thumb/v6-m/nofp\libgcc.a(_clzsi2.o)
                0x08000d30                __clzsi2
 .text          0x08000d6c       0x18 C:/ST/STM32CubeIDE_1.15.1/STM32CubeIDE/plugins/com.st.stm32cube.ide.mcu.externaltools.gnu-tools-for-stm32.12.3.rel1.win32_1.0.100.202403111256/tools/bin/../lib/gcc/arm-none-eabi/12.3.1/thumb/v6-m/nofp\libgcc.a(_clzdi2.o)
                0x08000d6c                __clzdi2
 *(.text*)
 .text.modify_bit
                0x08000d84       0x64 ./Core/Src/CO2_probe.o
                0x08000d84                modify_bit
 .text.get_bit  0x08000de8       0x32 ./Core/Src/CO2_probe.o
                0x08000de8                get_bit
 .text.Set_pixel
                0x08000e1a       0x7c ./Core/Src/CO2_probe.o
                0x08000e1a                Set_pixel
 .text.countDigits
                0x08000e96       0x54 ./Core/Src/CO2_probe.o
                0x08000e96                countDigits
 .text.getDecimalDigits
                0x08000eea       0x7e ./Core/Src/CO2_probe.o
                0x08000eea                getDecimalDigits
 .text.Write_num
                0x08000f68      0x186 ./Core/Src/CO2_probe.o
                0x08000f68                Write_num
 .text.Zone_Write_nums
                0x080010ee      0x2d6 ./Core/Src/CO2_probe.o
                0x080010ee                Zone_Write_nums
 .text.Save_data
                0x080013c4       0xd6 ./Core/Src/CO2_probe.o
                0x080013c4                Save_data
 .text.Wipe_TextZone
                0x0800149a       0xde ./Core/Src/CO2_probe.o
                0x0800149a                Wipe_TextZone
 .text.Write_nums
                0x08001578      0x176 ./Core/Src/CO2_probe.o
                0x08001578                Write_nums
 .text.Display_Text
                0x080016ee      0x23c ./Core/Src/CO2_probe.o
                0x080016ee                Display_Text
 .text.Send_I2C_Command
                0x0800192a       0x58 ./Core/Src/CO2_probe.o
                0x0800192a                Send_I2C_Command
 *fill*         0x08001982        0x2 
 .text.delay_xms
                0x08001984       0x34 ./Core/Src/Display_EPD_W21.o
                0x08001984                delay_xms
 .text.lcd_chkstatus
                0x080019b8       0x1e ./Core/Src/Display_EPD_W21.o
                0x080019b8                lcd_chkstatus
 .text.EPD_lut  0x080019d6       0xbc ./Core/Src/Display_EPD_W21.o
                0x080019d6                EPD_lut
 *fill*         0x08001a92        0x2 
 .text.EPD_Init
                0x08001a94       0xc0 ./Core/Src/Display_EPD_W21.o
                0x08001a94                EPD_Init
 .text.EPD_Init_Part
                0x08001b54       0xc0 ./Core/Src/Display_EPD_W21.o
                0x08001b54                EPD_Init_Part
 .text.EPD_DeepSleep
                0x08001c14       0x32 ./Core/Src/Display_EPD_W21.o
                0x08001c14                EPD_DeepSleep
 .text.EPD_Update
                0x08001c46       0x1a ./Core/Src/Display_EPD_W21.o
                0x08001c46                EPD_Update
 .text.EPD_WhiteScreen_ALL
                0x08001c60       0x60 ./Core/Src/Display_EPD_W21.o
                0x08001c60                EPD_WhiteScreen_ALL
 .text.EPD_Dis_Part_Old
                0x08001cc0      0x152 ./Core/Src/Display_EPD_W21.o
                0x08001cc0                EPD_Dis_Part_Old
 *fill*         0x08001e12        0x2 
 .text.SPI_Write
                0x08001e14       0x28 ./Core/Src/Display_EPD_W21_spi.o
                0x08001e14                SPI_Write
 .text.EPD_W21_WriteCMD
                0x08001e3c       0x4a ./Core/Src/Display_EPD_W21_spi.o
                0x08001e3c                EPD_W21_WriteCMD
 .text.EPD_W21_WriteDATA
                0x08001e86       0x4a ./Core/Src/Display_EPD_W21_spi.o
                0x08001e86                EPD_W21_WriteDATA
 .text.main     0x08001ed0      0x358 ./Core/Src/main.o
                0x08001ed0                main
 .text.SystemClock_Config
                0x08002228       0xdc ./Core/Src/main.o
                0x08002228                SystemClock_Config
 .text.MX_ADC_Init
                0x08002304       0xc8 ./Core/Src/main.o
 .text.MX_I2C1_Init
                0x080023cc       0x80 ./Core/Src/main.o
 .text.MX_RTC_Init
                0x0800244c       0x68 ./Core/Src/main.o
 .text.MX_SPI1_Init
                0x080024b4       0x70 ./Core/Src/main.o
 .text.MX_GPIO_Init
                0x08002524      0x130 ./Core/Src/main.o
 .text.Error_Handler
                0x08002654        0xc ./Core/Src/main.o
                0x08002654                Error_Handler
 .text.HAL_MspInit
                0x08002660       0x28 ./Core/Src/stm32l0xx_hal_msp.o
                0x08002660                HAL_MspInit
 .text.HAL_ADC_MspInit
                0x08002688       0x78 ./Core/Src/stm32l0xx_hal_msp.o
                0x08002688                HAL_ADC_MspInit
 .text.HAL_I2C_MspInit
                0x08002700       0x88 ./Core/Src/stm32l0xx_hal_msp.o
                0x08002700                HAL_I2C_MspInit
 .text.HAL_RTC_MspInit
                0x08002788       0x40 ./Core/Src/stm32l0xx_hal_msp.o
                0x08002788                HAL_RTC_MspInit
 .text.HAL_SPI_MspInit
                0x080027c8       0x88 ./Core/Src/stm32l0xx_hal_msp.o
                0x080027c8                HAL_SPI_MspInit
 .text.NMI_Handler
                0x08002850        0x8 ./Core/Src/stm32l0xx_it.o
                0x08002850                NMI_Handler
 .text.HardFault_Handler
                0x08002858        0x8 ./Core/Src/stm32l0xx_it.o
                0x08002858                HardFault_Handler
 .text.SVC_Handler
                0x08002860        0xa ./Core/Src/stm32l0xx_it.o
                0x08002860                SVC_Handler
 .text.PendSV_Handler
                0x0800286a        0xa ./Core/Src/stm32l0xx_it.o
                0x0800286a                PendSV_Handler
 .text.SysTick_Handler
                0x08002874        0xe ./Core/Src/stm32l0xx_it.o
                0x08002874                SysTick_Handler
 *fill*         0x08002882        0x2 
 .text.RTC_IRQHandler
                0x08002884       0x18 ./Core/Src/stm32l0xx_it.o
                0x08002884                RTC_IRQHandler
 .text.SystemInit
                0x0800289c        0xa ./Core/Src/system_stm32l0xx.o
                0x0800289c                SystemInit
 *fill*         0x080028a6        0x2 
 .text.Reset_Handler
                0x080028a8       0x50 ./Core/Startup/startup_stm32l031f6px.o
                0x080028a8                Reset_Handler
 .text.Default_Handler
                0x080028f8        0x2 ./Core/Startup/startup_stm32l031f6px.o
                0x080028f8                ADC1_COMP_IRQHandler
                0x080028f8                PVD_IRQHandler
                0x080028f8                I2C1_IRQHandler
                0x080028f8                SPI1_IRQHandler
                0x080028f8                EXTI2_3_IRQHandler
                0x080028f8                DMA1_Channel4_5_6_7_IRQHandler
                0x080028f8                EXTI4_15_IRQHandler
                0x080028f8                RCC_IRQHandler
                0x080028f8                DMA1_Channel1_IRQHandler
                0x080028f8                Default_Handler
                0x080028f8                TIM22_IRQHandler
                0x080028f8                EXTI0_1_IRQHandler
                0x080028f8                TIM21_IRQHandler
                0x080028f8                WWDG_IRQHandler
                0x080028f8                LPUART1_IRQHandler
                0x080028f8                TIM2_IRQHandler
                0x080028f8                DMA1_Channel2_3_IRQHandler
                0x080028f8                USART2_IRQHandler
                0x080028f8                FLASH_IRQHandler
                0x080028f8                LPTIM1_IRQHandler
 *fill*         0x080028fa        0x2 
 .text.HAL_Init
                0x080028fc       0x40 ./Drivers/STM32L0xx_HAL_Driver/Src/stm32l0xx_hal.o
                0x080028fc                HAL_Init
 .text.HAL_InitTick
                0x0800293c       0x68 ./Drivers/STM32L0xx_HAL_Driver/Src/stm32l0xx_hal.o
                0x0800293c                HAL_InitTick
 .text.HAL_IncTick
                0x080029a4       0x24 ./Drivers/STM32L0xx_HAL_Driver/Src/stm32l0xx_hal.o
                0x080029a4                HAL_IncTick
 .text.HAL_GetTick
                0x080029c8       0x14 ./Drivers/STM32L0xx_HAL_Driver/Src/stm32l0xx_hal.o
                0x080029c8                HAL_GetTick
 .text.HAL_Delay
                0x080029dc       0x48 ./Drivers/STM32L0xx_HAL_Driver/Src/stm32l0xx_hal.o
                0x080029dc                HAL_Delay
 .text.HAL_SuspendTick
                0x08002a24       0x1c ./Drivers/STM32L0xx_HAL_Driver/Src/stm32l0xx_hal.o
                0x08002a24                HAL_SuspendTick
 .text.HAL_ResumeTick
                0x08002a40       0x1c ./Drivers/STM32L0xx_HAL_Driver/Src/stm32l0xx_hal.o
                0x08002a40                HAL_ResumeTick
 .text.HAL_ADC_Init
                0x08002a5c      0x2e8 ./Drivers/STM32L0xx_HAL_Driver/Src/stm32l0xx_hal_adc.o
                0x08002a5c                HAL_ADC_Init
 .text.HAL_ADC_ConfigChannel
                0x08002d44      0x10c ./Drivers/STM32L0xx_HAL_Driver/Src/stm32l0xx_hal_adc.o
                0x08002d44                HAL_ADC_ConfigChannel
 .text.ADC_DelayMicroSecond
                0x08002e50       0x40 ./Drivers/STM32L0xx_HAL_Driver/Src/stm32l0xx_hal_adc.o
 .text.__NVIC_EnableIRQ
                0x08002e90       0x34 ./Drivers/STM32L0xx_HAL_Driver/Src/stm32l0xx_hal_cortex.o
 .text.__NVIC_SetPriority
                0x08002ec4       0xdc ./Drivers/STM32L0xx_HAL_Driver/Src/stm32l0xx_hal_cortex.o
 .text.SysTick_Config
                0x08002fa0       0x48 ./Drivers/STM32L0xx_HAL_Driver/Src/stm32l0xx_hal_cortex.o
 .text.HAL_NVIC_SetPriority
                0x08002fe8       0x2a ./Drivers/STM32L0xx_HAL_Driver/Src/stm32l0xx_hal_cortex.o
                0x08002fe8                HAL_NVIC_SetPriority
 .text.HAL_NVIC_EnableIRQ
                0x08003012       0x20 ./Drivers/STM32L0xx_HAL_Driver/Src/stm32l0xx_hal_cortex.o
                0x08003012                HAL_NVIC_EnableIRQ
 .text.HAL_SYSTICK_Config
                0x08003032       0x1a ./Drivers/STM32L0xx_HAL_Driver/Src/stm32l0xx_hal_cortex.o
                0x08003032                HAL_SYSTICK_Config
 .text.HAL_GPIO_Init
                0x0800304c      0x2dc ./Drivers/STM32L0xx_HAL_Driver/Src/stm32l0xx_hal_gpio.o
                0x0800304c                HAL_GPIO_Init
 .text.HAL_GPIO_ReadPin
                0x08003328       0x3a ./Drivers/STM32L0xx_HAL_Driver/Src/stm32l0xx_hal_gpio.o
                0x08003328                HAL_GPIO_ReadPin
 .text.HAL_GPIO_WritePin
                0x08003362       0x3a ./Drivers/STM32L0xx_HAL_Driver/Src/stm32l0xx_hal_gpio.o
                0x08003362                HAL_GPIO_WritePin
 .text.HAL_I2C_Init
                0x0800339c      0x12c ./Drivers/STM32L0xx_HAL_Driver/Src/stm32l0xx_hal_i2c.o
                0x0800339c                HAL_I2C_Init
 .text.HAL_I2C_Master_Transmit
                0x080034c8      0x210 ./Drivers/STM32L0xx_HAL_Driver/Src/stm32l0xx_hal_i2c.o
                0x080034c8                HAL_I2C_Master_Transmit
 .text.HAL_I2C_Master_Receive
                0x080036d8      0x210 ./Drivers/STM32L0xx_HAL_Driver/Src/stm32l0xx_hal_i2c.o
                0x080036d8                HAL_I2C_Master_Receive
 .text.I2C_Flush_TXDR
                0x080038e8       0x44 ./Drivers/STM32L0xx_HAL_Driver/Src/stm32l0xx_hal_i2c.o
 .text.I2C_WaitOnFlagUntilTimeout
                0x0800392c       0x9c ./Drivers/STM32L0xx_HAL_Driver/Src/stm32l0xx_hal_i2c.o
 .text.I2C_WaitOnTXISFlagUntilTimeout
                0x080039c8       0x8c ./Drivers/STM32L0xx_HAL_Driver/Src/stm32l0xx_hal_i2c.o
 .text.I2C_WaitOnSTOPFlagUntilTimeout
                0x08003a54       0x86 ./Drivers/STM32L0xx_HAL_Driver/Src/stm32l0xx_hal_i2c.o
 *fill*         0x08003ada        0x2 
 .text.I2C_WaitOnRXNEFlagUntilTimeout
                0x08003adc      0x104 ./Drivers/STM32L0xx_HAL_Driver/Src/stm32l0xx_hal_i2c.o
 .text.I2C_IsErrorOccurred
                0x08003be0      0x1f0 ./Drivers/STM32L0xx_HAL_Driver/Src/stm32l0xx_hal_i2c.o
 .text.I2C_TransferConfig
                0x08003dd0       0x74 ./Drivers/STM32L0xx_HAL_Driver/Src/stm32l0xx_hal_i2c.o
 .text.HAL_I2CEx_ConfigAnalogFilter
                0x08003e44       0x98 ./Drivers/STM32L0xx_HAL_Driver/Src/stm32l0xx_hal_i2c_ex.o
                0x08003e44                HAL_I2CEx_ConfigAnalogFilter
 .text.HAL_I2CEx_ConfigDigitalFilter
                0x08003edc       0x98 ./Drivers/STM32L0xx_HAL_Driver/Src/stm32l0xx_hal_i2c_ex.o
                0x08003edc                HAL_I2CEx_ConfigDigitalFilter
 .text.HAL_PWR_EnterSTOPMode
                0x08003f74       0xb8 ./Drivers/STM32L0xx_HAL_Driver/Src/stm32l0xx_hal_pwr.o
                0x08003f74                HAL_PWR_EnterSTOPMode
 .text.HAL_RCC_OscConfig
                0x0800402c      0x6f8 ./Drivers/STM32L0xx_HAL_Driver/Src/stm32l0xx_hal_rcc.o
                0x0800402c                HAL_RCC_OscConfig
 .text.HAL_RCC_ClockConfig
                0x08004724      0x290 ./Drivers/STM32L0xx_HAL_Driver/Src/stm32l0xx_hal_rcc.o
                0x08004724                HAL_RCC_ClockConfig
 .text.HAL_RCC_GetSysClockFreq
                0x080049b4      0x14c ./Drivers/STM32L0xx_HAL_Driver/Src/stm32l0xx_hal_rcc.o
                0x080049b4                HAL_RCC_GetSysClockFreq
 .text.HAL_RCCEx_PeriphCLKConfig
                0x08004b00      0x258 ./Drivers/STM32L0xx_HAL_Driver/Src/stm32l0xx_hal_rcc_ex.o
                0x08004b00                HAL_RCCEx_PeriphCLKConfig
 .text.HAL_RTC_Init
                0x08004d58      0x138 ./Drivers/STM32L0xx_HAL_Driver/Src/stm32l0xx_hal_rtc.o
                0x08004d58                HAL_RTC_Init
 .text.HAL_RTC_WaitForSynchro
                0x08004e90       0x50 ./Drivers/STM32L0xx_HAL_Driver/Src/stm32l0xx_hal_rtc.o
                0x08004e90                HAL_RTC_WaitForSynchro
 .text.RTC_EnterInitMode
                0x08004ee0       0x88 ./Drivers/STM32L0xx_HAL_Driver/Src/stm32l0xx_hal_rtc.o
                0x08004ee0                RTC_EnterInitMode
 .text.RTC_ExitInitMode
                0x08004f68       0x54 ./Drivers/STM32L0xx_HAL_Driver/Src/stm32l0xx_hal_rtc.o
                0x08004f68                RTC_ExitInitMode
 .text.HAL_RTCEx_SetWakeUpTimer_IT
                0x08004fbc      0x1b0 ./Drivers/STM32L0xx_HAL_Driver/Src/stm32l0xx_hal_rtc_ex.o
                0x08004fbc                HAL_RTCEx_SetWakeUpTimer_IT
 .text.HAL_RTCEx_DeactivateWakeUpTimer
                0x0800516c       0xc8 ./Drivers/STM32L0xx_HAL_Driver/Src/stm32l0xx_hal_rtc_ex.o
                0x0800516c                HAL_RTCEx_DeactivateWakeUpTimer
 .text.HAL_RTCEx_WakeUpTimerIRQHandler
                0x08005234       0x60 ./Drivers/STM32L0xx_HAL_Driver/Src/stm32l0xx_hal_rtc_ex.o
                0x08005234                HAL_RTCEx_WakeUpTimerIRQHandler
 .text.HAL_RTCEx_WakeUpTimerEventCallback
                0x08005294       0x10 ./Drivers/STM32L0xx_HAL_Driver/Src/stm32l0xx_hal_rtc_ex.o
                0x08005294                HAL_RTCEx_WakeUpTimerEventCallback
 .text.HAL_SPI_Init
                0x080052a4      0x112 ./Drivers/STM32L0xx_HAL_Driver/Src/stm32l0xx_hal_spi.o
                0x080052a4                HAL_SPI_Init
 .text.HAL_SPI_Transmit
                0x080053b6      0x2ba ./Drivers/STM32L0xx_HAL_Driver/Src/stm32l0xx_hal_spi.o
                0x080053b6                HAL_SPI_Transmit
 .text.SPI_WaitFlagStateUntilTimeout
                0x08005670      0x11c ./Drivers/STM32L0xx_HAL_Driver/Src/stm32l0xx_hal_spi.o
 .text.SPI_EndRxTxTransaction
                0x0800578c       0x8c ./Drivers/STM32L0xx_HAL_Driver/Src/stm32l0xx_hal_spi.o
 .text.memset   0x08005818       0x10 C:/ST/STM32CubeIDE_1.15.1/STM32CubeIDE/plugins/com.st.stm32cube.ide.mcu.externaltools.gnu-tools-for-stm32.12.3.rel1.win32_1.0.100.202403111256/tools/bin/../lib/gcc/arm-none-eabi/12.3.1/../../../../arm-none-eabi/lib/thumb/v6-m/nofp\libc_nano.a(libc_a-memset.o)
                0x08005818                memset
 .text.__libc_init_array
                0x08005828       0x48 C:/ST/STM32CubeIDE_1.15.1/STM32CubeIDE/plugins/com.st.stm32cube.ide.mcu.externaltools.gnu-tools-for-stm32.12.3.rel1.win32_1.0.100.202403111256/tools/bin/../lib/gcc/arm-none-eabi/12.3.1/../../../../arm-none-eabi/lib/thumb/v6-m/nofp\libc_nano.a(libc_a-init.o)
                0x08005828                __libc_init_array
 .text.memcpy   0x08005870       0x12 C:/ST/STM32CubeIDE_1.15.1/STM32CubeIDE/plugins/com.st.stm32cube.ide.mcu.externaltools.gnu-tools-for-stm32.12.3.rel1.win32_1.0.100.202403111256/tools/bin/../lib/gcc/arm-none-eabi/12.3.1/../../../../arm-none-eabi/lib/thumb/v6-m/nofp\libc_nano.a(libc_a-memcpy-stub.o)
                0x08005870                memcpy
 *(.glue_7)
 .glue_7        0x08005882        0x0 linker stubs
 *(.glue_7t)
 .glue_7t       0x08005882        0x0 linker stubs
 *(.eh_frame)
 *fill*         0x08005882        0x2 
 .eh_frame      0x08005884        0x0 C:/ST/STM32CubeIDE_1.15.1/STM32CubeIDE/plugins/com.st.stm32cube.ide.mcu.externaltools.gnu-tools-for-stm32.12.3.rel1.win32_1.0.100.202403111256/tools/bin/../lib/gcc/arm-none-eabi/12.3.1/thumb/v6-m/nofp/crtbegin.o
 *(.init)
 .init          0x08005884        0x4 C:/ST/STM32CubeIDE_1.15.1/STM32CubeIDE/plugins/com.st.stm32cube.ide.mcu.externaltools.gnu-tools-for-stm32.12.3.rel1.win32_1.0.100.202403111256/tools/bin/../lib/gcc/arm-none-eabi/12.3.1/thumb/v6-m/nofp/crti.o
                0x08005884                _init
 .init          0x08005888        0x8 C:/ST/STM32CubeIDE_1.15.1/STM32CubeIDE/plugins/com.st.stm32cube.ide.mcu.externaltools.gnu-tools-for-stm32.12.3.rel1.win32_1.0.100.202403111256/tools/bin/../lib/gcc/arm-none-eabi/12.3.1/thumb/v6-m/nofp/crtn.o
 *(.fini)
 .fini          0x08005890        0x4 C:/ST/STM32CubeIDE_1.15.1/STM32CubeIDE/plugins/com.st.stm32cube.ide.mcu.externaltools.gnu-tools-for-stm32.12.3.rel1.win32_1.0.100.202403111256/tools/bin/../lib/gcc/arm-none-eabi/12.3.1/thumb/v6-m/nofp/crti.o
                0x08005890                _fini
 .fini          0x08005894        0x8 C:/ST/STM32CubeIDE_1.15.1/STM32CubeIDE/plugins/com.st.stm32cube.ide.mcu.externaltools.gnu-tools-for-stm32.12.3.rel1.win32_1.0.100.202403111256/tools/bin/../lib/gcc/arm-none-eabi/12.3.1/thumb/v6-m/nofp/crtn.o
                0x0800589c                        . = ALIGN (0x4)
                0x0800589c                        _etext = .

.vfp11_veneer   0x0800589c        0x0
 .vfp11_veneer  0x0800589c        0x0 linker stubs

.v4_bx          0x0800589c        0x0
 .v4_bx         0x0800589c        0x0 linker stubs

.iplt           0x0800589c        0x0
 .iplt          0x0800589c        0x0 C:/ST/STM32CubeIDE_1.15.1/STM32CubeIDE/plugins/com.st.stm32cube.ide.mcu.externaltools.gnu-tools-for-stm32.12.3.rel1.win32_1.0.100.202403111256/tools/bin/../lib/gcc/arm-none-eabi/12.3.1/thumb/v6-m/nofp/crtbegin.o

.rodata         0x0800589c      0x340
                0x0800589c                        . = ALIGN (0x4)
 *(.rodata)
 .rodata        0x0800589c       0x7c C:/ST/STM32CubeIDE_1.15.1/STM32CubeIDE/plugins/com.st.stm32cube.ide.mcu.externaltools.gnu-tools-for-stm32.12.3.rel1.win32_1.0.100.202403111256/tools/bin/../lib/gcc/arm-none-eabi/12.3.1/thumb/v6-m/nofp\libgcc.a(divsf3.o)
 *(.rodata*)
 .rodata.AHBPrescTable
                0x08005918       0x10 ./Core/Src/system_stm32l0xx.o
                0x08005918                AHBPrescTable
 .rodata.PLLMulTable
                0x08005928        0x9 ./Core/Src/system_stm32l0xx.o
                0x08005928                PLLMulTable
 *fill*         0x08005931        0x3 
 .rodata.FontCO2_table
                0x08005934      0x21c ./Core/Src/Fonts/FontCO2.o
                0x08005934                FontCO2_table
 .rodata.FontINFO_table
                0x08005b50       0x8c ./Core/Src/Fonts/FontINFO.o
                0x08005b50                FontINFO_table
                0x08005bdc                        . = ALIGN (0x4)

.ARM.extab      0x08005bdc        0x0
                0x08005bdc                        . = ALIGN (0x4)
 *(.ARM.extab* .gnu.linkonce.armextab.*)
                0x08005bdc                        . = ALIGN (0x4)

.ARM            0x08005bdc        0x8
                0x08005bdc                        . = ALIGN (0x4)
                0x08005bdc                        __exidx_start = .
 *(.ARM.exidx*)
 .ARM.exidx     0x08005bdc        0x8 C:/ST/STM32CubeIDE_1.15.1/STM32CubeIDE/plugins/com.st.stm32cube.ide.mcu.externaltools.gnu-tools-for-stm32.12.3.rel1.win32_1.0.100.202403111256/tools/bin/../lib/gcc/arm-none-eabi/12.3.1/thumb/v6-m/nofp\libgcc.a(_udivmoddi4.o)
                0x08005be4                        __exidx_end = .
                0x08005be4                        . = ALIGN (0x4)

.preinit_array  0x08005be4        0x0
                0x08005be4                        . = ALIGN (0x4)
                0x08005be4                        PROVIDE (__preinit_array_start = .)
 *(.preinit_array*)
                0x08005be4                        PROVIDE (__preinit_array_end = .)
                0x08005be4                        . = ALIGN (0x4)

.init_array     0x08005be4        0x4
                0x08005be4                        . = ALIGN (0x4)
                0x08005be4                        PROVIDE (__init_array_start = .)
 *(SORT_BY_NAME(.init_array.*))
 *(.init_array*)
 .init_array    0x08005be4        0x4 C:/ST/STM32CubeIDE_1.15.1/STM32CubeIDE/plugins/com.st.stm32cube.ide.mcu.externaltools.gnu-tools-for-stm32.12.3.rel1.win32_1.0.100.202403111256/tools/bin/../lib/gcc/arm-none-eabi/12.3.1/thumb/v6-m/nofp/crtbegin.o
                0x08005be8                        PROVIDE (__init_array_end = .)
                0x08005be8                        . = ALIGN (0x4)

.fini_array     0x08005be8        0x4
                0x08005be8                        . = ALIGN (0x4)
                [!provide]                        PROVIDE (__fini_array_start = .)
 *(SORT_BY_NAME(.fini_array.*))
 *(.fini_array*)
 .fini_array    0x08005be8        0x4 C:/ST/STM32CubeIDE_1.15.1/STM32CubeIDE/plugins/com.st.stm32cube.ide.mcu.externaltools.gnu-tools-for-stm32.12.3.rel1.win32_1.0.100.202403111256/tools/bin/../lib/gcc/arm-none-eabi/12.3.1/thumb/v6-m/nofp/crtbegin.o
                [!provide]                        PROVIDE (__fini_array_end = .)
                0x08005bec                        . = ALIGN (0x4)
                0x08005bec                        _sidata = LOADADDR (.data)

.rel.dyn        0x08005bec        0x0
 .rel.iplt      0x08005bec        0x0 C:/ST/STM32CubeIDE_1.15.1/STM32CubeIDE/plugins/com.st.stm32cube.ide.mcu.externaltools.gnu-tools-for-stm32.12.3.rel1.win32_1.0.100.202403111256/tools/bin/../lib/gcc/arm-none-eabi/12.3.1/thumb/v6-m/nofp/crtbegin.o

.data           0x20000000      0x804 load address 0x08005bec
                0x20000000                        . = ALIGN (0x4)
                0x20000000                        _sdata = .
 *(.data)
 *(.data*)
 .data.Base_map
                0x20000000      0x7e8 ./Core/Src/main.o
 .data.SystemCoreClock
                0x200007e8        0x4 ./Core/Src/system_stm32l0xx.o
                0x200007e8                SystemCoreClock
 .data.FONT_CO2
                0x200007ec        0x8 ./Core/Src/Fonts/FontCO2.o
                0x200007ec                FONT_CO2
 .data.FONT_INFO
                0x200007f4        0x8 ./Core/Src/Fonts/FontINFO.o
                0x200007f4                FONT_INFO
 .data.uwTickPrio
                0x200007fc        0x4 ./Drivers/STM32L0xx_HAL_Driver/Src/stm32l0xx_hal.o
                0x200007fc                uwTickPrio
 .data.uwTickFreq
                0x20000800        0x1 ./Drivers/STM32L0xx_HAL_Driver/Src/stm32l0xx_hal.o
                0x20000800                uwTickFreq
 *(.RamFunc)
 *(.RamFunc*)
                0x20000804                        . = ALIGN (0x4)
 *fill*         0x20000801        0x3 
                0x20000804                        _edata = .

.igot.plt       0x20000804        0x0 load address 0x080063f0
 .igot.plt      0x20000804        0x0 C:/ST/STM32CubeIDE_1.15.1/STM32CubeIDE/plugins/com.st.stm32cube.ide.mcu.externaltools.gnu-tools-for-stm32.12.3.rel1.win32_1.0.100.202403111256/tools/bin/../lib/gcc/arm-none-eabi/12.3.1/thumb/v6-m/nofp/crtbegin.o
                0x20000804                        . = ALIGN (0x4)

.bss            0x20000804      0x14c load address 0x080063f0
                0x20000804                        _sbss = .
                0x20000804                        __bss_start__ = _sbss
 *(.bss)
 .bss           0x20000804       0x1c C:/ST/STM32CubeIDE_1.15.1/STM32CubeIDE/plugins/com.st.stm32cube.ide.mcu.externaltools.gnu-tools-for-stm32.12.3.rel1.win32_1.0.100.202403111256/tools/bin/../lib/gcc/arm-none-eabi/12.3.1/thumb/v6-m/nofp/crtbegin.o
 *(.bss*)
 .bss.hadc      0x20000820       0x5c ./Core/Src/main.o
                0x20000820                hadc
 .bss.hi2c1     0x2000087c       0x54 ./Core/Src/main.o
                0x2000087c                hi2c1
 .bss.hrtc      0x200008d0       0x24 ./Core/Src/main.o
                0x200008d0                hrtc
 .bss.hspi1     0x200008f4       0x58 ./Core/Src/main.o
                0x200008f4                hspi1
 .bss.uwTick    0x2000094c        0x4 ./Drivers/STM32L0xx_HAL_Driver/Src/stm32l0xx_hal.o
                0x2000094c                uwTick
 *(COMMON)
                0x20000950                        . = ALIGN (0x4)
                0x20000950                        _ebss = .
                0x20000950                        __bss_end__ = _ebss

._user_heap_stack
                0x20000950      0x600 load address 0x080063f0
                0x20000950                        . = ALIGN (0x8)
                [!provide]                        PROVIDE (end = .)
                0x20000950                        PROVIDE (_end = .)
                0x20000b50                        . = (. + _Min_Heap_Size)
 *fill*         0x20000950      0x200 
                0x20000f50                        . = (. + _Min_Stack_Size)
 *fill*         0x20000b50      0x400 
                0x20000f50                        . = ALIGN (0x8)

/DISCARD/
 libc.a(*)
 libm.a(*)
 libgcc.a(*)

.ARM.attributes
                0x00000000       0x28
 *(.ARM.attributes)
 .ARM.attributes
                0x00000000       0x1e C:/ST/STM32CubeIDE_1.15.1/STM32CubeIDE/plugins/com.st.stm32cube.ide.mcu.externaltools.gnu-tools-for-stm32.12.3.rel1.win32_1.0.100.202403111256/tools/bin/../lib/gcc/arm-none-eabi/12.3.1/thumb/v6-m/nofp/crti.o
 .ARM.attributes
                0x0000001e       0x2c C:/ST/STM32CubeIDE_1.15.1/STM32CubeIDE/plugins/com.st.stm32cube.ide.mcu.externaltools.gnu-tools-for-stm32.12.3.rel1.win32_1.0.100.202403111256/tools/bin/../lib/gcc/arm-none-eabi/12.3.1/thumb/v6-m/nofp/crtbegin.o
 .ARM.attributes
                0x0000004a       0x2c ./Core/Src/CO2_probe.o
 .ARM.attributes
                0x00000076       0x2c ./Core/Src/Display_EPD_W21.o
 .ARM.attributes
                0x000000a2       0x2c ./Core/Src/Display_EPD_W21_spi.o
 .ARM.attributes
                0x000000ce       0x2c ./Core/Src/main.o
 .ARM.attributes
                0x000000fa       0x2c ./Core/Src/stm32l0xx_hal_msp.o
 .ARM.attributes
                0x00000126       0x2c ./Core/Src/stm32l0xx_it.o
 .ARM.attributes
                0x00000152       0x2c ./Core/Src/system_stm32l0xx.o
 .ARM.attributes
                0x0000017e       0x2c ./Core/Src/Fonts/FontCO2.o
 .ARM.attributes
                0x000001aa       0x2c ./Core/Src/Fonts/FontINFO.o
 .ARM.attributes
                0x000001d6       0x22 ./Core/Startup/startup_stm32l031f6px.o
 .ARM.attributes
                0x000001f8       0x2c ./Drivers/STM32L0xx_HAL_Driver/Src/stm32l0xx_hal.o
 .ARM.attributes
                0x00000224       0x2c ./Drivers/STM32L0xx_HAL_Driver/Src/stm32l0xx_hal_adc.o
 .ARM.attributes
                0x00000250       0x2c ./Drivers/STM32L0xx_HAL_Driver/Src/stm32l0xx_hal_cortex.o
 .ARM.attributes
                0x0000027c       0x2c ./Drivers/STM32L0xx_HAL_Driver/Src/stm32l0xx_hal_gpio.o
 .ARM.attributes
                0x000002a8       0x2c ./Drivers/STM32L0xx_HAL_Driver/Src/stm32l0xx_hal_i2c.o
 .ARM.attributes
                0x000002d4       0x2c ./Drivers/STM32L0xx_HAL_Driver/Src/stm32l0xx_hal_i2c_ex.o
 .ARM.attributes
                0x00000300       0x2c ./Drivers/STM32L0xx_HAL_Driver/Src/stm32l0xx_hal_pwr.o
 .ARM.attributes
                0x0000032c       0x2c ./Drivers/STM32L0xx_HAL_Driver/Src/stm32l0xx_hal_rcc.o
 .ARM.attributes
                0x00000358       0x2c ./Drivers/STM32L0xx_HAL_Driver/Src/stm32l0xx_hal_rcc_ex.o
 .ARM.attributes
                0x00000384       0x2c ./Drivers/STM32L0xx_HAL_Driver/Src/stm32l0xx_hal_rtc.o
 .ARM.attributes
                0x000003b0       0x2c ./Drivers/STM32L0xx_HAL_Driver/Src/stm32l0xx_hal_rtc_ex.o
 .ARM.attributes
                0x000003dc       0x2c ./Drivers/STM32L0xx_HAL_Driver/Src/stm32l0xx_hal_spi.o
 .ARM.attributes
                0x00000408       0x2c C:/ST/STM32CubeIDE_1.15.1/STM32CubeIDE/plugins/com.st.stm32cube.ide.mcu.externaltools.gnu-tools-for-stm32.12.3.rel1.win32_1.0.100.202403111256/tools/bin/../lib/gcc/arm-none-eabi/12.3.1/../../../../arm-none-eabi/lib/thumb/v6-m/nofp\libc_nano.a(libc_a-memset.o)
 .ARM.attributes
                0x00000434       0x2c C:/ST/STM32CubeIDE_1.15.1/STM32CubeIDE/plugins/com.st.stm32cube.ide.mcu.externaltools.gnu-tools-for-stm32.12.3.rel1.win32_1.0.100.202403111256/tools/bin/../lib/gcc/arm-none-eabi/12.3.1/../../../../arm-none-eabi/lib/thumb/v6-m/nofp\libc_nano.a(libc_a-init.o)
 .ARM.attributes
                0x00000460       0x2c C:/ST/STM32CubeIDE_1.15.1/STM32CubeIDE/plugins/com.st.stm32cube.ide.mcu.externaltools.gnu-tools-for-stm32.12.3.rel1.win32_1.0.100.202403111256/tools/bin/../lib/gcc/arm-none-eabi/12.3.1/../../../../arm-none-eabi/lib/thumb/v6-m/nofp\libc_nano.a(libc_a-memcpy-stub.o)
 .ARM.attributes
                0x0000048c       0x1e C:/ST/STM32CubeIDE_1.15.1/STM32CubeIDE/plugins/com.st.stm32cube.ide.mcu.externaltools.gnu-tools-for-stm32.12.3.rel1.win32_1.0.100.202403111256/tools/bin/../lib/gcc/arm-none-eabi/12.3.1/thumb/v6-m/nofp\libgcc.a(_udivsi3.o)
 .ARM.attributes
                0x000004aa       0x1e C:/ST/STM32CubeIDE_1.15.1/STM32CubeIDE/plugins/com.st.stm32cube.ide.mcu.externaltools.gnu-tools-for-stm32.12.3.rel1.win32_1.0.100.202403111256/tools/bin/../lib/gcc/arm-none-eabi/12.3.1/thumb/v6-m/nofp\libgcc.a(_dvmd_tls.o)
 .ARM.attributes
                0x000004c8       0x1e C:/ST/STM32CubeIDE_1.15.1/STM32CubeIDE/plugins/com.st.stm32cube.ide.mcu.externaltools.gnu-tools-for-stm32.12.3.rel1.win32_1.0.100.202403111256/tools/bin/../lib/gcc/arm-none-eabi/12.3.1/thumb/v6-m/nofp\libgcc.a(_aeabi_uldivmod.o)
 .ARM.attributes
                0x000004e6       0x2c C:/ST/STM32CubeIDE_1.15.1/STM32CubeIDE/plugins/com.st.stm32cube.ide.mcu.externaltools.gnu-tools-for-stm32.12.3.rel1.win32_1.0.100.202403111256/tools/bin/../lib/gcc/arm-none-eabi/12.3.1/thumb/v6-m/nofp\libgcc.a(_muldi3.o)
 .ARM.attributes
                0x00000512       0x2c C:/ST/STM32CubeIDE_1.15.1/STM32CubeIDE/plugins/com.st.stm32cube.ide.mcu.externaltools.gnu-tools-for-stm32.12.3.rel1.win32_1.0.100.202403111256/tools/bin/../lib/gcc/arm-none-eabi/12.3.1/thumb/v6-m/nofp\libgcc.a(_udivmoddi4.o)
 .ARM.attributes
                0x0000053e       0x2c C:/ST/STM32CubeIDE_1.15.1/STM32CubeIDE/plugins/com.st.stm32cube.ide.mcu.externaltools.gnu-tools-for-stm32.12.3.rel1.win32_1.0.100.202403111256/tools/bin/../lib/gcc/arm-none-eabi/12.3.1/thumb/v6-m/nofp\libgcc.a(divsf3.o)
 .ARM.attributes
                0x0000056a       0x2c C:/ST/STM32CubeIDE_1.15.1/STM32CubeIDE/plugins/com.st.stm32cube.ide.mcu.externaltools.gnu-tools-for-stm32.12.3.rel1.win32_1.0.100.202403111256/tools/bin/../lib/gcc/arm-none-eabi/12.3.1/thumb/v6-m/nofp\libgcc.a(mulsf3.o)
 .ARM.attributes
                0x00000596       0x2c C:/ST/STM32CubeIDE_1.15.1/STM32CubeIDE/plugins/com.st.stm32cube.ide.mcu.externaltools.gnu-tools-for-stm32.12.3.rel1.win32_1.0.100.202403111256/tools/bin/../lib/gcc/arm-none-eabi/12.3.1/thumb/v6-m/nofp\libgcc.a(subsf3.o)
 .ARM.attributes
                0x000005c2       0x2c C:/ST/STM32CubeIDE_1.15.1/STM32CubeIDE/plugins/com.st.stm32cube.ide.mcu.externaltools.gnu-tools-for-stm32.12.3.rel1.win32_1.0.100.202403111256/tools/bin/../lib/gcc/arm-none-eabi/12.3.1/thumb/v6-m/nofp\libgcc.a(fixsfsi.o)
 .ARM.attributes
                0x000005ee       0x2c C:/ST/STM32CubeIDE_1.15.1/STM32CubeIDE/plugins/com.st.stm32cube.ide.mcu.externaltools.gnu-tools-for-stm32.12.3.rel1.win32_1.0.100.202403111256/tools/bin/../lib/gcc/arm-none-eabi/12.3.1/thumb/v6-m/nofp\libgcc.a(floatsisf.o)
 .ARM.attributes
                0x0000061a       0x1e C:/ST/STM32CubeIDE_1.15.1/STM32CubeIDE/plugins/com.st.stm32cube.ide.mcu.externaltools.gnu-tools-for-stm32.12.3.rel1.win32_1.0.100.202403111256/tools/bin/../lib/gcc/arm-none-eabi/12.3.1/thumb/v6-m/nofp\libgcc.a(_clzsi2.o)
 .ARM.attributes
                0x00000638       0x1e C:/ST/STM32CubeIDE_1.15.1/STM32CubeIDE/plugins/com.st.stm32cube.ide.mcu.externaltools.gnu-tools-for-stm32.12.3.rel1.win32_1.0.100.202403111256/tools/bin/../lib/gcc/arm-none-eabi/12.3.1/thumb/v6-m/nofp\libgcc.a(_clzdi2.o)
 .ARM.attributes
                0x00000656       0x1e C:/ST/STM32CubeIDE_1.15.1/STM32CubeIDE/plugins/com.st.stm32cube.ide.mcu.externaltools.gnu-tools-for-stm32.12.3.rel1.win32_1.0.100.202403111256/tools/bin/../lib/gcc/arm-none-eabi/12.3.1/thumb/v6-m/nofp/crtn.o
OUTPUT(Sonde_CO2.elf elf32-littlearm)
LOAD linker stubs
LOAD C:/ST/STM32CubeIDE_1.15.1/STM32CubeIDE/plugins/com.st.stm32cube.ide.mcu.externaltools.gnu-tools-for-stm32.12.3.rel1.win32_1.0.100.202403111256/tools/bin/../lib/gcc/arm-none-eabi/12.3.1/../../../../arm-none-eabi/lib/thumb/v6-m/nofp\libc.a
LOAD C:/ST/STM32CubeIDE_1.15.1/STM32CubeIDE/plugins/com.st.stm32cube.ide.mcu.externaltools.gnu-tools-for-stm32.12.3.rel1.win32_1.0.100.202403111256/tools/bin/../lib/gcc/arm-none-eabi/12.3.1/../../../../arm-none-eabi/lib/thumb/v6-m/nofp\libm.a
LOAD C:/ST/STM32CubeIDE_1.15.1/STM32CubeIDE/plugins/com.st.stm32cube.ide.mcu.externaltools.gnu-tools-for-stm32.12.3.rel1.win32_1.0.100.202403111256/tools/bin/../lib/gcc/arm-none-eabi/12.3.1/thumb/v6-m/nofp\libgcc.a

.debug_info     0x00000000     0xdc00
 .debug_info    0x00000000      0xbe6 ./Core/Src/CO2_probe.o
 .debug_info    0x00000be6      0x6ec ./Core/Src/Display_EPD_W21.o
 .debug_info    0x000012d2      0x721 ./Core/Src/Display_EPD_W21_spi.o
 .debug_info    0x000019f3     0x194a ./Core/Src/main.o
 .debug_info    0x0000333d     0x1284 ./Core/Src/stm32l0xx_hal_msp.o
 .debug_info    0x000045c1      0x372 ./Core/Src/stm32l0xx_it.o
 .debug_info    0x00004933      0x2d0 ./Core/Src/system_stm32l0xx.o
 .debug_info    0x00004c03      0x120 ./Core/Src/Fonts/FontCO2.o
 .debug_info    0x00004d23      0x11f ./Core/Src/Fonts/FontINFO.o
 .debug_info    0x00004e42       0x30 ./Core/Startup/startup_stm32l031f6px.o
 .debug_info    0x00004e72      0x818 ./Drivers/STM32L0xx_HAL_Driver/Src/stm32l0xx_hal.o
 .debug_info    0x0000568a      0xcea ./Drivers/STM32L0xx_HAL_Driver/Src/stm32l0xx_hal_adc.o
 .debug_info    0x00006374      0x678 ./Drivers/STM32L0xx_HAL_Driver/Src/stm32l0xx_hal_cortex.o
 .debug_info    0x000069ec      0x624 ./Drivers/STM32L0xx_HAL_Driver/Src/stm32l0xx_hal_gpio.o
 .debug_info    0x00007010     0x205f ./Drivers/STM32L0xx_HAL_Driver/Src/stm32l0xx_hal_i2c.o
 .debug_info    0x0000906f      0x884 ./Drivers/STM32L0xx_HAL_Driver/Src/stm32l0xx_hal_i2c_ex.o
 .debug_info    0x000098f3      0x5fe ./Drivers/STM32L0xx_HAL_Driver/Src/stm32l0xx_hal_pwr.o
 .debug_info    0x00009ef1      0x96f ./Drivers/STM32L0xx_HAL_Driver/Src/stm32l0xx_hal_rcc.o
 .debug_info    0x0000a860      0x46d ./Drivers/STM32L0xx_HAL_Driver/Src/stm32l0xx_hal_rcc_ex.o
 .debug_info    0x0000accd      0xb7a ./Drivers/STM32L0xx_HAL_Driver/Src/stm32l0xx_hal_rtc.o
 .debug_info    0x0000b847      0xe07 ./Drivers/STM32L0xx_HAL_Driver/Src/stm32l0xx_hal_rtc_ex.o
 .debug_info    0x0000c64e     0x15b2 ./Drivers/STM32L0xx_HAL_Driver/Src/stm32l0xx_hal_spi.o

.debug_abbrev   0x00000000     0x291d
 .debug_abbrev  0x00000000      0x227 ./Core/Src/CO2_probe.o
 .debug_abbrev  0x00000227      0x247 ./Core/Src/Display_EPD_W21.o
 .debug_abbrev  0x0000046e      0x1a4 ./Core/Src/Display_EPD_W21_spi.o
 .debug_abbrev  0x00000612      0x320 ./Core/Src/main.o
 .debug_abbrev  0x00000932      0x212 ./Core/Src/stm32l0xx_hal_msp.o
 .debug_abbrev  0x00000b44      0x14a ./Core/Src/stm32l0xx_it.o
 .debug_abbrev  0x00000c8e      0x11c ./Core/Src/system_stm32l0xx.o
 .debug_abbrev  0x00000daa       0xaf ./Core/Src/Fonts/FontCO2.o
 .debug_abbrev  0x00000e59       0xaf ./Core/Src/Fonts/FontINFO.o
 .debug_abbrev  0x00000f08       0x24 ./Core/Startup/startup_stm32l031f6px.o
 .debug_abbrev  0x00000f2c      0x2a4 ./Drivers/STM32L0xx_HAL_Driver/Src/stm32l0xx_hal.o
 .debug_abbrev  0x000011d0      0x241 ./Drivers/STM32L0xx_HAL_Driver/Src/stm32l0xx_hal_adc.o
 .debug_abbrev  0x00001411      0x26f ./Drivers/STM32L0xx_HAL_Driver/Src/stm32l0xx_hal_cortex.o
 .debug_abbrev  0x00001680      0x1ca ./Drivers/STM32L0xx_HAL_Driver/Src/stm32l0xx_hal_gpio.o
 .debug_abbrev  0x0000184a      0x270 ./Drivers/STM32L0xx_HAL_Driver/Src/stm32l0xx_hal_i2c.o
 .debug_abbrev  0x00001aba      0x1b9 ./Drivers/STM32L0xx_HAL_Driver/Src/stm32l0xx_hal_i2c_ex.o
 .debug_abbrev  0x00001c73      0x18c ./Drivers/STM32L0xx_HAL_Driver/Src/stm32l0xx_hal_pwr.o
 .debug_abbrev  0x00001dff      0x295 ./Drivers/STM32L0xx_HAL_Driver/Src/stm32l0xx_hal_rcc.o
 .debug_abbrev  0x00002094      0x1d2 ./Drivers/STM32L0xx_HAL_Driver/Src/stm32l0xx_hal_rcc_ex.o
 .debug_abbrev  0x00002266      0x1fc ./Drivers/STM32L0xx_HAL_Driver/Src/stm32l0xx_hal_rtc.o
 .debug_abbrev  0x00002462      0x23d ./Drivers/STM32L0xx_HAL_Driver/Src/stm32l0xx_hal_rtc_ex.o
 .debug_abbrev  0x0000269f      0x27e ./Drivers/STM32L0xx_HAL_Driver/Src/stm32l0xx_hal_spi.o

.debug_aranges  0x00000000      0xe48
 .debug_aranges
                0x00000000       0x78 ./Core/Src/CO2_probe.o
 .debug_aranges
                0x00000078       0xa8 ./Core/Src/Display_EPD_W21.o
 .debug_aranges
                0x00000120       0x38 ./Core/Src/Display_EPD_W21_spi.o
 .debug_aranges
                0x00000158       0x58 ./Core/Src/main.o
 .debug_aranges
                0x000001b0       0x60 ./Core/Src/stm32l0xx_hal_msp.o
 .debug_aranges
                0x00000210       0x48 ./Core/Src/stm32l0xx_it.o
 .debug_aranges
                0x00000258       0x28 ./Core/Src/system_stm32l0xx.o
 .debug_aranges
                0x00000280       0x18 ./Core/Src/Fonts/FontCO2.o
 .debug_aranges
                0x00000298       0x18 ./Core/Src/Fonts/FontINFO.o
 .debug_aranges
                0x000002b0       0x28 ./Core/Startup/startup_stm32l031f6px.o
 .debug_aranges
                0x000002d8      0x110 ./Drivers/STM32L0xx_HAL_Driver/Src/stm32l0xx_hal.o
 .debug_aranges
                0x000003e8      0x100 ./Drivers/STM32L0xx_HAL_Driver/Src/stm32l0xx_hal_adc.o
 .debug_aranges
                0x000004e8       0xc0 ./Drivers/STM32L0xx_HAL_Driver/Src/stm32l0xx_hal_cortex.o
 .debug_aranges
                0x000005a8       0x58 ./Drivers/STM32L0xx_HAL_Driver/Src/stm32l0xx_hal_gpio.o
 .debug_aranges
                0x00000600      0x2a0 ./Drivers/STM32L0xx_HAL_Driver/Src/stm32l0xx_hal_i2c.o
 .debug_aranges
                0x000008a0       0x48 ./Drivers/STM32L0xx_HAL_Driver/Src/stm32l0xx_hal_i2c_ex.o
 .debug_aranges
                0x000008e8       0xa0 ./Drivers/STM32L0xx_HAL_Driver/Src/stm32l0xx_hal_pwr.o
 .debug_aranges
                0x00000988       0x80 ./Drivers/STM32L0xx_HAL_Driver/Src/stm32l0xx_hal_rcc.o
 .debug_aranges
                0x00000a08       0x58 ./Drivers/STM32L0xx_HAL_Driver/Src/stm32l0xx_hal_rcc_ex.o
 .debug_aranges
                0x00000a60       0xe8 ./Drivers/STM32L0xx_HAL_Driver/Src/stm32l0xx_hal_rtc.o
 .debug_aranges
                0x00000b48      0x130 ./Drivers/STM32L0xx_HAL_Driver/Src/stm32l0xx_hal_rtc_ex.o
 .debug_aranges
                0x00000c78      0x1d0 ./Drivers/STM32L0xx_HAL_Driver/Src/stm32l0xx_hal_spi.o

.debug_rnglists
                0x00000000      0xad7
 .debug_rnglists
                0x00000000       0x5b ./Core/Src/CO2_probe.o
 .debug_rnglists
                0x0000005b       0x83 ./Core/Src/Display_EPD_W21.o
 .debug_rnglists
                0x000000de       0x25 ./Core/Src/Display_EPD_W21_spi.o
 .debug_rnglists
                0x00000103       0x42 ./Core/Src/main.o
 .debug_rnglists
                0x00000145       0x45 ./Core/Src/stm32l0xx_hal_msp.o
 .debug_rnglists
                0x0000018a       0x31 ./Core/Src/stm32l0xx_it.o
 .debug_rnglists
                0x000001bb       0x1a ./Core/Src/system_stm32l0xx.o
 .debug_rnglists
                0x000001d5       0x19 ./Core/Startup/startup_stm32l031f6px.o
 .debug_rnglists
                0x000001ee       0xc7 ./Drivers/STM32L0xx_HAL_Driver/Src/stm32l0xx_hal.o
 .debug_rnglists
                0x000002b5       0xcc ./Drivers/STM32L0xx_HAL_Driver/Src/stm32l0xx_hal_adc.o
 .debug_rnglists
                0x00000381       0x8c ./Drivers/STM32L0xx_HAL_Driver/Src/stm32l0xx_hal_cortex.o
 .debug_rnglists
                0x0000040d       0x3f ./Drivers/STM32L0xx_HAL_Driver/Src/stm32l0xx_hal_gpio.o
 .debug_rnglists
                0x0000044c      0x229 ./Drivers/STM32L0xx_HAL_Driver/Src/stm32l0xx_hal_i2c.o
 .debug_rnglists
                0x00000675       0x35 ./Drivers/STM32L0xx_HAL_Driver/Src/stm32l0xx_hal_i2c_ex.o
 .debug_rnglists
                0x000006aa       0x76 ./Drivers/STM32L0xx_HAL_Driver/Src/stm32l0xx_hal_pwr.o
 .debug_rnglists
                0x00000720       0x61 ./Drivers/STM32L0xx_HAL_Driver/Src/stm32l0xx_hal_rcc.o
 .debug_rnglists
                0x00000781       0x40 ./Drivers/STM32L0xx_HAL_Driver/Src/stm32l0xx_hal_rcc_ex.o
 .debug_rnglists
                0x000007c1       0xb5 ./Drivers/STM32L0xx_HAL_Driver/Src/stm32l0xx_hal_rtc.o
 .debug_rnglists
                0x00000876       0xf0 ./Drivers/STM32L0xx_HAL_Driver/Src/stm32l0xx_hal_rtc_ex.o
 .debug_rnglists
                0x00000966      0x171 ./Drivers/STM32L0xx_HAL_Driver/Src/stm32l0xx_hal_spi.o

.debug_macro    0x00000000    0x129c1
 .debug_macro   0x00000000      0x2f8 ./Core/Src/CO2_probe.o
 .debug_macro   0x000002f8      0xa8a ./Core/Src/CO2_probe.o
 .debug_macro   0x00000d82       0x22 ./Core/Src/CO2_probe.o
 .debug_macro   0x00000da4       0x8e ./Core/Src/CO2_probe.o
 .debug_macro   0x00000e32       0x51 ./Core/Src/CO2_probe.o
 .debug_macro   0x00000e83      0x103 ./Core/Src/CO2_probe.o
 .debug_macro   0x00000f86       0x6a ./Core/Src/CO2_probe.o
 .debug_macro   0x00000ff0      0x1df ./Core/Src/CO2_probe.o
 .debug_macro   0x000011cf      0x12b ./Core/Src/CO2_probe.o
 .debug_macro   0x000012fa       0x2e ./Core/Src/CO2_probe.o
 .debug_macro   0x00001328       0x28 ./Core/Src/CO2_probe.o
 .debug_macro   0x00001350       0x1c ./Core/Src/CO2_probe.o
 .debug_macro   0x0000136c       0x22 ./Core/Src/CO2_probe.o
 .debug_macro   0x0000138e       0xaf ./Core/Src/CO2_probe.o
 .debug_macro   0x0000143d      0x3ad ./Core/Src/CO2_probe.o
 .debug_macro   0x000017ea     0x7f07 ./Core/Src/CO2_probe.o
 .debug_macro   0x000096f1       0x66 ./Core/Src/CO2_probe.o
 .debug_macro   0x00009757     0x3590 ./Core/Src/CO2_probe.o
 .debug_macro   0x0000cce7      0x189 ./Core/Src/CO2_probe.o
 .debug_macro   0x0000ce70       0x5c ./Core/Src/CO2_probe.o
 .debug_macro   0x0000cecc      0x8b4 ./Core/Src/CO2_probe.o
 .debug_macro   0x0000d780      0x474 ./Core/Src/CO2_probe.o
 .debug_macro   0x0000dbf4      0x189 ./Core/Src/CO2_probe.o
 .debug_macro   0x0000dd7d      0x13f ./Core/Src/CO2_probe.o
 .debug_macro   0x0000debc      0x10d ./Core/Src/CO2_probe.o
 .debug_macro   0x0000dfc9       0x82 ./Core/Src/CO2_probe.o
 .debug_macro   0x0000e04b      0x28e ./Core/Src/CO2_probe.o
 .debug_macro   0x0000e2d9       0x28 ./Core/Src/CO2_probe.o
 .debug_macro   0x0000e301      0x4e1 ./Core/Src/CO2_probe.o
 .debug_macro   0x0000e7e2       0x6b ./Core/Src/CO2_probe.o
 .debug_macro   0x0000e84d      0x128 ./Core/Src/CO2_probe.o
 .debug_macro   0x0000e975      0x23b ./Core/Src/CO2_probe.o
 .debug_macro   0x0000ebb0      0x22c ./Core/Src/CO2_probe.o
 .debug_macro   0x0000eddc       0x5b ./Core/Src/CO2_probe.o
 .debug_macro   0x0000ee37       0xa5 ./Core/Src/CO2_probe.o
 .debug_macro   0x0000eedc      0x186 ./Core/Src/CO2_probe.o
 .debug_macro   0x0000f062       0x16 ./Core/Src/CO2_probe.o
 .debug_macro   0x0000f078      0x321 ./Core/Src/CO2_probe.o
 .debug_macro   0x0000f399      0x420 ./Core/Src/CO2_probe.o
 .debug_macro   0x0000f7b9       0xf2 ./Core/Src/CO2_probe.o
 .debug_macro   0x0000f8ab      0x22c ./Core/Src/CO2_probe.o
 .debug_macro   0x0000fad7      0x12a ./Core/Src/CO2_probe.o
 .debug_macro   0x0000fc01       0x1c ./Core/Src/CO2_probe.o
 .debug_macro   0x0000fc1d       0x61 ./Core/Src/CO2_probe.o
 .debug_macro   0x0000fc7e       0x24 ./Core/Src/CO2_probe.o
 .debug_macro   0x0000fca2       0x43 ./Core/Src/CO2_probe.o
 .debug_macro   0x0000fce5       0x34 ./Core/Src/CO2_probe.o
 .debug_macro   0x0000fd19       0x16 ./Core/Src/CO2_probe.o
 .debug_macro   0x0000fd2f       0x43 ./Core/Src/CO2_probe.o
 .debug_macro   0x0000fd72       0x34 ./Core/Src/CO2_probe.o
 .debug_macro   0x0000fda6       0x10 ./Core/Src/CO2_probe.o
 .debug_macro   0x0000fdb6       0x58 ./Core/Src/CO2_probe.o
 .debug_macro   0x0000fe0e       0x8e ./Core/Src/CO2_probe.o
 .debug_macro   0x0000fe9c       0x1c ./Core/Src/CO2_probe.o
 .debug_macro   0x0000feb8      0x177 ./Core/Src/CO2_probe.o
 .debug_macro   0x0001002f      0x369 ./Core/Src/CO2_probe.o
 .debug_macro   0x00010398       0x10 ./Core/Src/CO2_probe.o
 .debug_macro   0x000103a8       0x35 ./Core/Src/CO2_probe.o
 .debug_macro   0x000103dd       0x20 ./Core/Src/CO2_probe.o
 .debug_macro   0x000103fd       0x16 ./Core/Src/CO2_probe.o
 .debug_macro   0x00010413       0x16 ./Core/Src/CO2_probe.o
 .debug_macro   0x00010429       0x29 ./Core/Src/CO2_probe.o
 .debug_macro   0x00010452      0x1eb ./Core/Src/Display_EPD_W21.o
 .debug_macro   0x0001063d       0x2e ./Core/Src/Display_EPD_W21.o
 .debug_macro   0x0001066b      0x1e2 ./Core/Src/Display_EPD_W21_spi.o
 .debug_macro   0x0001084d      0x2e5 ./Core/Src/main.o
 .debug_macro   0x00010b32       0x16 ./Core/Src/main.o
 .debug_macro   0x00010b48       0x5e ./Core/Src/main.o
 .debug_macro   0x00010ba6      0x1e2 ./Core/Src/stm32l0xx_hal_msp.o
 .debug_macro   0x00010d88       0x58 ./Core/Src/stm32l0xx_hal_msp.o
 .debug_macro   0x00010de0      0x1ec ./Core/Src/stm32l0xx_it.o
 .debug_macro   0x00010fcc      0x1d3 ./Core/Src/system_stm32l0xx.o
 .debug_macro   0x0001119f       0x6d ./Core/Src/Fonts/FontCO2.o
 .debug_macro   0x0001120c       0x6d ./Core/Src/Fonts/FontINFO.o
 .debug_macro   0x00011279      0x1f7 ./Drivers/STM32L0xx_HAL_Driver/Src/stm32l0xx_hal.o
 .debug_macro   0x00011470      0x1e2 ./Drivers/STM32L0xx_HAL_Driver/Src/stm32l0xx_hal_adc.o
 .debug_macro   0x00011652      0x1d3 ./Drivers/STM32L0xx_HAL_Driver/Src/stm32l0xx_hal_cortex.o
 .debug_macro   0x00011825      0x1da ./Drivers/STM32L0xx_HAL_Driver/Src/stm32l0xx_hal_gpio.o
 .debug_macro   0x000119ff      0x29f ./Drivers/STM32L0xx_HAL_Driver/Src/stm32l0xx_hal_i2c.o
 .debug_macro   0x00011c9e      0x1d3 ./Drivers/STM32L0xx_HAL_Driver/Src/stm32l0xx_hal_i2c_ex.o
 .debug_macro   0x00011e71      0x1eb ./Drivers/STM32L0xx_HAL_Driver/Src/stm32l0xx_hal_pwr.o
 .debug_macro   0x0001205c      0x209 ./Drivers/STM32L0xx_HAL_Driver/Src/stm32l0xx_hal_rcc.o
 .debug_macro   0x00012265      0x1d3 ./Drivers/STM32L0xx_HAL_Driver/Src/stm32l0xx_hal_rcc_ex.o
 .debug_macro   0x00012438      0x1d4 ./Drivers/STM32L0xx_HAL_Driver/Src/stm32l0xx_hal_rtc.o
 .debug_macro   0x0001260c      0x1d3 ./Drivers/STM32L0xx_HAL_Driver/Src/stm32l0xx_hal_rtc_ex.o
 .debug_macro   0x000127df      0x1e2 ./Drivers/STM32L0xx_HAL_Driver/Src/stm32l0xx_hal_spi.o

.debug_line     0x00000000    0x130c4
 .debug_line    0x00000000      0xd9b ./Core/Src/CO2_probe.o
 .debug_line    0x00000d9b      0xfce ./Core/Src/Display_EPD_W21.o
 .debug_line    0x00001d69      0x7ef ./Core/Src/Display_EPD_W21_spi.o
 .debug_line    0x00002558      0xbf3 ./Core/Src/main.o
 .debug_line    0x0000314b      0x8a7 ./Core/Src/stm32l0xx_hal_msp.o
 .debug_line    0x000039f2      0x807 ./Core/Src/stm32l0xx_it.o
 .debug_line    0x000041f9      0x83b ./Core/Src/system_stm32l0xx.o
 .debug_line    0x00004a34      0x41a ./Core/Src/Fonts/FontCO2.o
 .debug_line    0x00004e4e      0x41b ./Core/Src/Fonts/FontINFO.o
 .debug_line    0x00005269       0x7b ./Core/Startup/startup_stm32l031f6px.o
 .debug_line    0x000052e4      0xaf2 ./Drivers/STM32L0xx_HAL_Driver/Src/stm32l0xx_hal.o
 .debug_line    0x00005dd6     0x1200 ./Drivers/STM32L0xx_HAL_Driver/Src/stm32l0xx_hal_adc.o
 .debug_line    0x00006fd6      0xab5 ./Drivers/STM32L0xx_HAL_Driver/Src/stm32l0xx_hal_cortex.o
 .debug_line    0x00007a8b      0xb76 ./Drivers/STM32L0xx_HAL_Driver/Src/stm32l0xx_hal_gpio.o
 .debug_line    0x00008601     0x38be ./Drivers/STM32L0xx_HAL_Driver/Src/stm32l0xx_hal_i2c.o
 .debug_line    0x0000bebf      0x9a8 ./Drivers/STM32L0xx_HAL_Driver/Src/stm32l0xx_hal_i2c_ex.o
 .debug_line    0x0000c867      0x9cd ./Drivers/STM32L0xx_HAL_Driver/Src/stm32l0xx_hal_pwr.o
 .debug_line    0x0000d234      0xf1d ./Drivers/STM32L0xx_HAL_Driver/Src/stm32l0xx_hal_rcc.o
 .debug_line    0x0000e151      0xae1 ./Drivers/STM32L0xx_HAL_Driver/Src/stm32l0xx_hal_rcc_ex.o
 .debug_line    0x0000ec32     0x1162 ./Drivers/STM32L0xx_HAL_Driver/Src/stm32l0xx_hal_rtc.o
 .debug_line    0x0000fd94     0x15fc ./Drivers/STM32L0xx_HAL_Driver/Src/stm32l0xx_hal_rtc_ex.o
 .debug_line    0x00011390     0x1d34 ./Drivers/STM32L0xx_HAL_Driver/Src/stm32l0xx_hal_spi.o

.debug_str      0x00000000    0x6ee8a
 .debug_str     0x00000000    0x6ae2f ./Core/Src/CO2_probe.o
                              0x6b1e7 (size before relaxing)
 .debug_str     0x0006ae2f      0x455 ./Core/Src/Display_EPD_W21.o
                              0x67d3f (size before relaxing)
 .debug_str     0x0006b284      0x1f5 ./Core/Src/Display_EPD_W21_spi.o
                              0x67f25 (size before relaxing)
 .debug_str     0x0006b479      0xa21 ./Core/Src/main.o
                              0x6bc9b (size before relaxing)
 .debug_str     0x0006be9a      0x20e ./Core/Src/stm32l0xx_hal_msp.o
                              0x6874d (size before relaxing)
 .debug_str     0x0006c0a8       0xb1 ./Core/Src/stm32l0xx_it.o
                              0x67c12 (size before relaxing)
 .debug_str     0x0006c159       0x99 ./Core/Src/system_stm32l0xx.o
                              0x6798b (size before relaxing)
 .debug_str     0x0006c1f2       0x2a ./Core/Src/Fonts/FontCO2.o
                               0x3c83 (size before relaxing)
 .debug_str     0x0006c21c       0x2c ./Core/Src/Fonts/FontINFO.o
                               0x3c86 (size before relaxing)
 .debug_str     0x0006c248       0x44 ./Core/Startup/startup_stm32l031f6px.o
                                 0x77 (size before relaxing)
 .debug_str     0x0006c28c      0x444 ./Drivers/STM32L0xx_HAL_Driver/Src/stm32l0xx_hal.o
                              0x68032 (size before relaxing)
 .debug_str     0x0006c6d0      0x356 ./Drivers/STM32L0xx_HAL_Driver/Src/stm32l0xx_hal_adc.o
                              0x68077 (size before relaxing)
 .debug_str     0x0006ca26      0x188 ./Drivers/STM32L0xx_HAL_Driver/Src/stm32l0xx_hal_cortex.o
                              0x67c87 (size before relaxing)
 .debug_str     0x0006cbae       0xed ./Drivers/STM32L0xx_HAL_Driver/Src/stm32l0xx_hal_gpio.o
                              0x67b2b (size before relaxing)
 .debug_str     0x0006cc9b      0xd89 ./Drivers/STM32L0xx_HAL_Driver/Src/stm32l0xx_hal_i2c.o
                              0x68c99 (size before relaxing)
 .debug_str     0x0006da24       0xb8 ./Drivers/STM32L0xx_HAL_Driver/Src/stm32l0xx_hal_i2c_ex.o
                              0x67f19 (size before relaxing)
 .debug_str     0x0006dadc      0x261 ./Drivers/STM32L0xx_HAL_Driver/Src/stm32l0xx_hal_pwr.o
                              0x67c16 (size before relaxing)
 .debug_str     0x0006dd3d      0x2ac ./Drivers/STM32L0xx_HAL_Driver/Src/stm32l0xx_hal_rcc.o
                              0x67e8c (size before relaxing)
 .debug_str     0x0006dfe9      0x120 ./Drivers/STM32L0xx_HAL_Driver/Src/stm32l0xx_hal_rcc_ex.o
                              0x67b8f (size before relaxing)
 .debug_str     0x0006e109      0x33e ./Drivers/STM32L0xx_HAL_Driver/Src/stm32l0xx_hal_rtc.o
                              0x67e41 (size before relaxing)
 .debug_str     0x0006e447      0x509 ./Drivers/STM32L0xx_HAL_Driver/Src/stm32l0xx_hal_rtc_ex.o
                              0x68120 (size before relaxing)
 .debug_str     0x0006e950      0x53a ./Drivers/STM32L0xx_HAL_Driver/Src/stm32l0xx_hal_spi.o
                              0x6827a (size before relaxing)

.comment        0x00000000       0x43
 .comment       0x00000000       0x43 ./Core/Src/CO2_probe.o
                                 0x44 (size before relaxing)
 .comment       0x00000043       0x44 ./Core/Src/Display_EPD_W21.o
 .comment       0x00000043       0x44 ./Core/Src/Display_EPD_W21_spi.o
 .comment       0x00000043       0x44 ./Core/Src/main.o
 .comment       0x00000043       0x44 ./Core/Src/stm32l0xx_hal_msp.o
 .comment       0x00000043       0x44 ./Core/Src/stm32l0xx_it.o
 .comment       0x00000043       0x44 ./Core/Src/system_stm32l0xx.o
 .comment       0x00000043       0x44 ./Core/Src/Fonts/FontCO2.o
 .comment       0x00000043       0x44 ./Core/Src/Fonts/FontINFO.o
 .comment       0x00000043       0x44 ./Drivers/STM32L0xx_HAL_Driver/Src/stm32l0xx_hal.o
 .comment       0x00000043       0x44 ./Drivers/STM32L0xx_HAL_Driver/Src/stm32l0xx_hal_adc.o
 .comment       0x00000043       0x44 ./Drivers/STM32L0xx_HAL_Driver/Src/stm32l0xx_hal_cortex.o
 .comment       0x00000043       0x44 ./Drivers/STM32L0xx_HAL_Driver/Src/stm32l0xx_hal_gpio.o
 .comment       0x00000043       0x44 ./Drivers/STM32L0xx_HAL_Driver/Src/stm32l0xx_hal_i2c.o
 .comment       0x00000043       0x44 ./Drivers/STM32L0xx_HAL_Driver/Src/stm32l0xx_hal_i2c_ex.o
 .comment       0x00000043       0x44 ./Drivers/STM32L0xx_HAL_Driver/Src/stm32l0xx_hal_pwr.o
 .comment       0x00000043       0x44 ./Drivers/STM32L0xx_HAL_Driver/Src/stm32l0xx_hal_rcc.o
 .comment       0x00000043       0x44 ./Drivers/STM32L0xx_HAL_Driver/Src/stm32l0xx_hal_rcc_ex.o
 .comment       0x00000043       0x44 ./Drivers/STM32L0xx_HAL_Driver/Src/stm32l0xx_hal_rtc.o
 .comment       0x00000043       0x44 ./Drivers/STM32L0xx_HAL_Driver/Src/stm32l0xx_hal_rtc_ex.o
 .comment       0x00000043       0x44 ./Drivers/STM32L0xx_HAL_Driver/Src/stm32l0xx_hal_spi.o

.debug_frame    0x00000000     0x336c
 .debug_frame   0x00000000      0x1d0 ./Core/Src/CO2_probe.o
 .debug_frame   0x000001d0      0x238 ./Core/Src/Display_EPD_W21.o
 .debug_frame   0x00000408       0x90 ./Core/Src/Display_EPD_W21_spi.o
 .debug_frame   0x00000498      0x108 ./Core/Src/main.o
 .debug_frame   0x000005a0      0x12c ./Core/Src/stm32l0xx_hal_msp.o
 .debug_frame   0x000006cc       0xb8 ./Core/Src/stm32l0xx_it.o
 .debug_frame   0x00000784       0x4c ./Core/Src/system_stm32l0xx.o
 .debug_frame   0x000007d0      0x394 ./Drivers/STM32L0xx_HAL_Driver/Src/stm32l0xx_hal.o
 .debug_frame   0x00000b64      0x3c0 ./Drivers/STM32L0xx_HAL_Driver/Src/stm32l0xx_hal_adc.o
 .debug_frame   0x00000f24      0x2a0 ./Drivers/STM32L0xx_HAL_Driver/Src/stm32l0xx_hal_cortex.o
 .debug_frame   0x000011c4      0x110 ./Drivers/STM32L0xx_HAL_Driver/Src/stm32l0xx_hal_gpio.o
 .debug_frame   0x000012d4      0xa64 ./Drivers/STM32L0xx_HAL_Driver/Src/stm32l0xx_hal_i2c.o
 .debug_frame   0x00001d38       0xd0 ./Drivers/STM32L0xx_HAL_Driver/Src/stm32l0xx_hal_i2c_ex.o
 .debug_frame   0x00001e08      0x200 ./Drivers/STM32L0xx_HAL_Driver/Src/stm32l0xx_hal_pwr.o
 .debug_frame   0x00002008      0x1a8 ./Drivers/STM32L0xx_HAL_Driver/Src/stm32l0xx_hal_rcc.o
 .debug_frame   0x000021b0       0xfc ./Drivers/STM32L0xx_HAL_Driver/Src/stm32l0xx_hal_rcc_ex.o
 .debug_frame   0x000022ac      0x360 ./Drivers/STM32L0xx_HAL_Driver/Src/stm32l0xx_hal_rtc.o
 .debug_frame   0x0000260c      0x478 ./Drivers/STM32L0xx_HAL_Driver/Src/stm32l0xx_hal_rtc_ex.o
 .debug_frame   0x00002a84      0x6f0 ./Drivers/STM32L0xx_HAL_Driver/Src/stm32l0xx_hal_spi.o
 .debug_frame   0x00003174       0x20 C:/ST/STM32CubeIDE_1.15.1/STM32CubeIDE/plugins/com.st.stm32cube.ide.mcu.externaltools.gnu-tools-for-stm32.12.3.rel1.win32_1.0.100.202403111256/tools/bin/../lib/gcc/arm-none-eabi/12.3.1/../../../../arm-none-eabi/lib/thumb/v6-m/nofp\libc_nano.a(libc_a-memset.o)
 .debug_frame   0x00003194       0x2c C:/ST/STM32CubeIDE_1.15.1/STM32CubeIDE/plugins/com.st.stm32cube.ide.mcu.externaltools.gnu-tools-for-stm32.12.3.rel1.win32_1.0.100.202403111256/tools/bin/../lib/gcc/arm-none-eabi/12.3.1/../../../../arm-none-eabi/lib/thumb/v6-m/nofp\libc_nano.a(libc_a-init.o)
 .debug_frame   0x000031c0       0x28 C:/ST/STM32CubeIDE_1.15.1/STM32CubeIDE/plugins/com.st.stm32cube.ide.mcu.externaltools.gnu-tools-for-stm32.12.3.rel1.win32_1.0.100.202403111256/tools/bin/../lib/gcc/arm-none-eabi/12.3.1/../../../../arm-none-eabi/lib/thumb/v6-m/nofp\libc_nano.a(libc_a-memcpy-stub.o)
 .debug_frame   0x000031e8       0x20 C:/ST/STM32CubeIDE_1.15.1/STM32CubeIDE/plugins/com.st.stm32cube.ide.mcu.externaltools.gnu-tools-for-stm32.12.3.rel1.win32_1.0.100.202403111256/tools/bin/../lib/gcc/arm-none-eabi/12.3.1/thumb/v6-m/nofp\libgcc.a(_udivsi3.o)
 .debug_frame   0x00003208       0x34 C:/ST/STM32CubeIDE_1.15.1/STM32CubeIDE/plugins/com.st.stm32cube.ide.mcu.externaltools.gnu-tools-for-stm32.12.3.rel1.win32_1.0.100.202403111256/tools/bin/../lib/gcc/arm-none-eabi/12.3.1/thumb/v6-m/nofp\libgcc.a(_muldi3.o)
 .debug_frame   0x0000323c       0x3c C:/ST/STM32CubeIDE_1.15.1/STM32CubeIDE/plugins/com.st.stm32cube.ide.mcu.externaltools.gnu-tools-for-stm32.12.3.rel1.win32_1.0.100.202403111256/tools/bin/../lib/gcc/arm-none-eabi/12.3.1/thumb/v6-m/nofp\libgcc.a(_udivmoddi4.o)
 .debug_frame   0x00003278       0x38 C:/ST/STM32CubeIDE_1.15.1/STM32CubeIDE/plugins/com.st.stm32cube.ide.mcu.externaltools.gnu-tools-for-stm32.12.3.rel1.win32_1.0.100.202403111256/tools/bin/../lib/gcc/arm-none-eabi/12.3.1/thumb/v6-m/nofp\libgcc.a(divsf3.o)
 .debug_frame   0x000032b0       0x38 C:/ST/STM32CubeIDE_1.15.1/STM32CubeIDE/plugins/com.st.stm32cube.ide.mcu.externaltools.gnu-tools-for-stm32.12.3.rel1.win32_1.0.100.202403111256/tools/bin/../lib/gcc/arm-none-eabi/12.3.1/thumb/v6-m/nofp\libgcc.a(mulsf3.o)
 .debug_frame   0x000032e8       0x38 C:/ST/STM32CubeIDE_1.15.1/STM32CubeIDE/plugins/com.st.stm32cube.ide.mcu.externaltools.gnu-tools-for-stm32.12.3.rel1.win32_1.0.100.202403111256/tools/bin/../lib/gcc/arm-none-eabi/12.3.1/thumb/v6-m/nofp\libgcc.a(subsf3.o)
 .debug_frame   0x00003320       0x20 C:/ST/STM32CubeIDE_1.15.1/STM32CubeIDE/plugins/com.st.stm32cube.ide.mcu.externaltools.gnu-tools-for-stm32.12.3.rel1.win32_1.0.100.202403111256/tools/bin/../lib/gcc/arm-none-eabi/12.3.1/thumb/v6-m/nofp\libgcc.a(fixsfsi.o)
 .debug_frame   0x00003340       0x2c C:/ST/STM32CubeIDE_1.15.1/STM32CubeIDE/plugins/com.st.stm32cube.ide.mcu.externaltools.gnu-tools-for-stm32.12.3.rel1.win32_1.0.100.202403111256/tools/bin/../lib/gcc/arm-none-eabi/12.3.1/thumb/v6-m/nofp\libgcc.a(floatsisf.o)

.debug_line_str
                0x00000000       0x5b
 .debug_line_str
                0x00000000       0x5b ./Core/Startup/startup_stm32l031f6px.o
