../Core/Src/Display_EPD_W21.c:12:6:delay_xms	24	static
../Core/Src/Display_EPD_W21.c:21:6:lcd_chkstatus	8	static
../Core/Src/Display_EPD_W21.c:27:6:EPD_Init_DS	8	static
../Core/Src/Display_EPD_W21.c:55:6:EPD_lut	24	static
../Core/Src/Display_EPD_W21.c:88:6:EPD_Init	8	static
../Core/Src/Display_EPD_W21.c:135:6:EPD_Init_Part	8	static
../Core/Src/Display_EPD_W21.c:179:6:EPD_DeepSleep	8	static
../Core/Src/Display_EPD_W21.c:191:6:EPD_Update	8	static
../Core/Src/Display_EPD_W21.c:200:6:EPD_WhiteScreen_ALL	24	static
../Core/Src/Display_EPD_W21.c:218:6:EPD_WhiteScreen_White	16	static
../Core/Src/Display_EPD_W21.c:239:6:EPD_SetRAMValue_BaseMap	24	static
../Core/Src/Display_EPD_W21.c:256:6:EPD_Dis_Part	32	static
../Core/Src/Display_EPD_W21.c:313:6:EPD_Dis_Part_Old	32	static
../Core/Src/Display_EPD_W21.c:363:6:EPD_Dis_PartAll	24	static
../Core/Src/Display_EPD_W21.c:384:6:EPD_Dis_Part_RAM	40	static
../Core/Src/Display_EPD_W21.c:473:6:EPD_Dis_Part_Time	56	static
../Core/Src/Display_EPD_W21.c:484:6:EPD_Init_180	8	static
../Core/Src/Display_EPD_W21.c:528:6:EPD_Display	32	static
